INFO  Using log config file: jar:file:/C:/Programming/GitHub/Vigilante%208%20recomp/ghidra/ghidra_install/Ghidra/Framework/Generic/lib/Generic.jar!/generic.log4j.xml (LoggingInitialization)  
INFO  Using log file: C:\Users\smmel\AppData\Roaming\ghidra\ghidra_12.0.4_PUBLIC\application.log (LoggingInitialization)  
INFO  Loading user preferences: C:\Users\smmel\AppData\Roaming\ghidra\ghidra_12.0.4_PUBLIC\preferences (Preferences)  
INFO  Loading previous preferences: C:\Users\smmel\AppData\Roaming\ghidra\ghidra_11.3.2_PUBLIC\preferences (Preferences)  
INFO  Searching for classes... (ClassSearcher)  
INFO  Ignoring class 'ghidra.app.plugin.core.analysis.MipsPreAnalyzer' from 'C:\Programming\GitHub\Vigilante 8 recomp\ghidra\ghidra_install\Ghidra\Extensions\ghidra_psx_ldr\lib\ghidra_psx_ldr.jar'. Already found at 'C:\Programming\GitHub\Vigilante 8 recomp\ghidra\ghidra_install\Ghidra\Processors\MIPS\lib\MIPS.jar'. (ClassSearcher)  
INFO  Class search complete (854 ms) (ClassSearcher)  
INFO  Initializing SSL Context (DefaultSSLContextInitializer)  
INFO  Initializing Random Number Generator... (SecureRandomFactory)  
INFO  Random Number Generator initialization complete: SHA1PRNG (SecureRandomFactory)  
INFO  Trust manager disabled, cacerts have not been set (DefaultTrustManagerFactory)  
INFO  Headless startup complete (2994 ms) (AnalyzeHeadless)  
INFO  Class searcher loaded 59 extension points (18 false positives) (ClassSearcher)  
INFO  HEADLESS Script Paths:
    C:\Programming\GitHub\Vigilante 8 recomp\ghidra\ghidra_install\Ghidra\Features\BSim\ghidra_scripts
    C:\Programming\GitHub\Vigilante 8 recomp\ghidra\ghidra_install\Ghidra\Features\Decompiler\ghidra_scripts
    C:\Programming\GitHub\Vigilante 8 recomp\ghidra\ghidra_install\Ghidra\Features\PyGhidra\ghidra_scripts
    C:\Programming\GitHub\Vigilante 8 recomp\ghidra\ghidra_install\Ghidra\Features\SwiftDemangler\ghidra_scripts
    C:\Programming\GitHub\Vigilante 8 recomp\ghidra\ghidra_install\Ghidra\Features\Base\ghidra_scripts
    C:\Programming\GitHub\Vigilante 8 recomp\ghidra\ghidra_install\Ghidra\Processors\8051\ghidra_scripts
    C:\Programming\GitHub\Vigilante 8 recomp\ghidra\ghidra_install\Ghidra\Debug\Debugger-rmi-trace\ghidra_scripts
    C:\Programming\GitHub\Vigilante 8 recomp\ghidra\ghidra_install\Ghidra\Processors\JVM\ghidra_scripts
    C:\Programming\GitHub\Vigilante 8 recomp\ghidra\ghidra_install\Ghidra\Features\MicrosoftCodeAnalyzer\ghidra_scripts
    C:\Programming\GitHub\Vigilante 8 recomp\ghidra\ghidra_install\Ghidra\Processors\DATA\ghidra_scripts
    C:\Programming\GitHub\Vigilante 8 recomp\tools\ghidra_scripts
    C:\Programming\GitHub\Vigilante 8 recomp\ghidra\ghidra_install\Ghidra\Features\DecompilerDependent\ghidra_scripts
    C:\Programming\GitHub\Vigilante 8 recomp\ghidra\ghidra_install\Ghidra\Extensions\ghidra_psx_ldr\ghidra_scripts
    C:\Programming\GitHub\Vigilante 8 recomp\ghidra\ghidra_install\Ghidra\Features\BytePatterns\ghidra_scripts
    C:\Programming\GitHub\Vigilante 8 recomp\ghidra\ghidra_install\Ghidra\Features\Jython\ghidra_scripts
    C:\Programming\GitHub\Vigilante 8 recomp\ghidra\ghidra_install\Ghidra\Features\GnuDemangler\ghidra_scripts
    C:\Programming\GitHub\Vigilante 8 recomp\ghidra\ghidra_install\Ghidra\Processors\PIC\ghidra_scripts
    C:\Programming\GitHub\Vigilante 8 recomp\ghidra\ghidra_install\Ghidra\Features\WildcardAssembler\ghidra_scripts
    C:\Programming\GitHub\Vigilante 8 recomp\ghidra\ghidra_install\Ghidra\Features\PDB\ghidra_scripts
    C:\Programming\GitHub\Vigilante 8 recomp\ghidra\ghidra_install\Ghidra\Features\VersionTracking\ghidra_scripts
    C:\Programming\GitHub\Vigilante 8 recomp\ghidra\ghidra_install\Ghidra\Features\FileFormats\ghidra_scripts
    C:\Programming\GitHub\Vigilante 8 recomp\ghidra\ghidra_install\Ghidra\Processors\Atmel\ghidra_scripts
    C:\Programming\GitHub\Vigilante 8 recomp\ghidra\ghidra_install\Ghidra\Debug\Debugger\ghidra_scripts
    C:\Programming\GitHub\Vigilante 8 recomp\ghidra\ghidra_install\Ghidra\Features\SystemEmulation\ghidra_scripts
    C:\Programming\GitHub\Vigilante 8 recomp\ghidra\ghidra_install\Ghidra\Features\FunctionID\ghidra_scripts (HeadlessAnalyzer)  
INFO  HEADLESS: execution starts (HeadlessAnalyzer)  
INFO  Opening existing project: C:\Programming\GitHub\Vigilante 8 recomp\ghidra\projects\v8 (HeadlessAnalyzer)  
INFO  Opening project: C:\Programming\GitHub\Vigilante 8 recomp\ghidra\projects\v8 (HeadlessProject)  
INFO  REPORT: Processing project file: /SANDFACT.bin (HeadlessAnalyzer)  
INFO  REPORT: Execute script: ExportAllToDisk.java 'analysis/dll/SANDFACT'  (HeadlessAnalyzer)  
INFO  SCRIPT: C:\Programming\GitHub\Vigilante 8 recomp\tools\ghidra_scripts\ExportAllToDisk.java (HeadlessAnalyzer)  
INFO  ExportAllToDisk.java> ExportAllToDisk: program=SANDFACT.bin out=C:\Programming\GitHub\Vigilante 8 recomp\analysis\dll\SANDFACT (GhidraScript)  
INFO  ExportAllToDisk.java> functions exported: 5 (GhidraScript)  
INFO  ExportAllToDisk.java> ExportAllToDisk: done (GhidraScript)  
INFO  REPORT: Save succeeded for processed file: /SANDFACT.bin (HeadlessAnalyzer)  
