INFO  Using log config file: jar:file:/C:/Programming/GitHub/Vigilante%208%20recomp/ghidra/ghidra_install/Ghidra/Framework/Generic/lib/Generic.jar!/generic.log4j.xml (LoggingInitialization)  
INFO  Using log file: C:\Users\smmel\AppData\Roaming\ghidra\ghidra_12.0.4_PUBLIC\application.log (LoggingInitialization)  
INFO  Loading user preferences: C:\Users\smmel\AppData\Roaming\ghidra\ghidra_12.0.4_PUBLIC\preferences (Preferences)  
INFO  Loading previous preferences: C:\Users\smmel\AppData\Roaming\ghidra\ghidra_11.3.2_PUBLIC\preferences (Preferences)  
INFO  Searching for classes... (ClassSearcher)  
INFO  Ignoring class 'ghidra.app.plugin.core.analysis.MipsPreAnalyzer' from 'C:\Programming\GitHub\Vigilante 8 recomp\ghidra\ghidra_install\Ghidra\Extensions\ghidra_psx_ldr\lib\ghidra_psx_ldr.jar'. Already found at 'C:\Programming\GitHub\Vigilante 8 recomp\ghidra\ghidra_install\Ghidra\Processors\MIPS\lib\MIPS.jar'. (ClassSearcher)  
INFO  Class search complete (1226 ms) (ClassSearcher)  
INFO  Initializing SSL Context (DefaultSSLContextInitializer)  
INFO  Initializing Random Number Generator... (SecureRandomFactory)  
INFO  Random Number Generator initialization complete: SHA1PRNG (SecureRandomFactory)  
INFO  Trust manager disabled, cacerts have not been set (DefaultTrustManagerFactory)  
INFO  Headless startup complete (8734 ms) (AnalyzeHeadless)  
INFO  Class searcher loaded 59 extension points (18 false positives) (ClassSearcher)  
INFO  HEADLESS Script Paths:
    C:\Programming\GitHub\Vigilante 8 recomp\ghidra\ghidra_install\Ghidra\Features\BSim\ghidra_scripts
    C:\Programming\GitHub\Vigilante 8 recomp\ghidra\ghidra_install\Ghidra\Features\Decompiler\ghidra_scripts
    C:\Programming\GitHub\Vigilante 8 recomp\ghidra\ghidra_install\Ghidra\Features\PyGhidra\ghidra_scripts
    C:\Programming\GitHub\Vigilante 8 recomp\ghidra\ghidra_install\Ghidra\Features\SwiftDemangler\ghidra_scripts
    C:\Programming\GitHub\Vigilante 8 recomp\ghidra\ghidra_install\Ghidra\Features\Base\ghidra_scripts
    C:\Programming\GitHub\Vigilante 8 recomp\ghidra\ghidra_install\Ghidra\Processors\8051\ghidra_scripts
    C:\Programming\GitHub\Vigilante 8 recomp\ghidra\ghidra_install\Ghidra\Debug\Debugger-rmi-trace\ghidra_scripts
    C:\Programming\GitHub\Vigilante 8 recomp\ghidra\ghidra_install\Ghidra\Processors\JVM\ghidra_scripts
    C:\Programming\GitHub\Vigilante 8 recomp\ghidra\ghidra_install\Ghidra\Features\MicrosoftCodeAnalyzer\ghidra_scripts
    C:\Programming\GitHub\Vigilante 8 recomp\ghidra\ghidra_install\Ghidra\Processors\DATA\ghidra_scripts
    C:\Programming\GitHub\Vigilante 8 recomp\tools\ghidra_scripts
    C:\Programming\GitHub\Vigilante 8 recomp\ghidra\ghidra_install\Ghidra\Features\DecompilerDependent\ghidra_scripts
    C:\Programming\GitHub\Vigilante 8 recomp\ghidra\ghidra_install\Ghidra\Extensions\ghidra_psx_ldr\ghidra_scripts
    C:\Programming\GitHub\Vigilante 8 recomp\ghidra\ghidra_install\Ghidra\Features\BytePatterns\ghidra_scripts
    C:\Programming\GitHub\Vigilante 8 recomp\ghidra\ghidra_install\Ghidra\Features\Jython\ghidra_scripts
    C:\Programming\GitHub\Vigilante 8 recomp\ghidra\ghidra_install\Ghidra\Features\GnuDemangler\ghidra_scripts
    C:\Programming\GitHub\Vigilante 8 recomp\ghidra\ghidra_install\Ghidra\Processors\PIC\ghidra_scripts
    C:\Programming\GitHub\Vigilante 8 recomp\ghidra\ghidra_install\Ghidra\Features\WildcardAssembler\ghidra_scripts
    C:\Programming\GitHub\Vigilante 8 recomp\ghidra\ghidra_install\Ghidra\Features\PDB\ghidra_scripts
    C:\Programming\GitHub\Vigilante 8 recomp\ghidra\ghidra_install\Ghidra\Features\VersionTracking\ghidra_scripts
    C:\Programming\GitHub\Vigilante 8 recomp\ghidra\ghidra_install\Ghidra\Features\FileFormats\ghidra_scripts
    C:\Programming\GitHub\Vigilante 8 recomp\ghidra\ghidra_install\Ghidra\Processors\Atmel\ghidra_scripts
    C:\Programming\GitHub\Vigilante 8 recomp\ghidra\ghidra_install\Ghidra\Debug\Debugger\ghidra_scripts
    C:\Programming\GitHub\Vigilante 8 recomp\ghidra\ghidra_install\Ghidra\Features\SystemEmulation\ghidra_scripts
    C:\Programming\GitHub\Vigilante 8 recomp\ghidra\ghidra_install\Ghidra\Features\FunctionID\ghidra_scripts (HeadlessAnalyzer)  
INFO  HEADLESS: execution starts (HeadlessAnalyzer)  
INFO  Opening existing project: C:\Programming\GitHub\Vigilante 8 recomp\ghidra\projects\v8 (HeadlessAnalyzer)  
INFO  Opening project: C:\Programming\GitHub\Vigilante 8 recomp\ghidra\projects\v8 (HeadlessProject)  
INFO  REPORT: Processing project file: /SLUS_005.10 (HeadlessAnalyzer)  
INFO  REPORT: Execute script: MarkAndDisassembleGaps.java '0x80019e20' '0x80019e7c' '0x8001a2cc' '0x8001a4f8' '0x8001fd9c' '0x80021888' '0x8002185c' '0x80021924' '0x80022320' '0x8002239c' '0x80022c54' '0x80024718' '0x80042724' '0x80042cdc' '0x80043224'  (HeadlessAnalyzer)  
INFO  SCRIPT: C:\Programming\GitHub\Vigilante 8 recomp\tools\ghidra_scripts\MarkAndDisassembleGaps.java (HeadlessAnalyzer)  
INFO  MarkAndDisassembleGaps.java> created function at 80019e20 (GhidraScript)  
INFO  MarkAndDisassembleGaps.java> created function at 80019e7c (GhidraScript)  
INFO  MarkAndDisassembleGaps.java> created function at 8001a2cc (GhidraScript)  
INFO  MarkAndDisassembleGaps.java> created function at 8001a4f8 (GhidraScript)  
INFO  MarkAndDisassembleGaps.java> created function at 8001fd9c (GhidraScript)  
INFO  MarkAndDisassembleGaps.java> created function at 80021888 (GhidraScript)  
INFO  MarkAndDisassembleGaps.java> created function at 8002185c (GhidraScript)  
INFO  MarkAndDisassembleGaps.java> created function at 80021924 (GhidraScript)  
INFO  MarkAndDisassembleGaps.java> created function at 80022320 (GhidraScript)  
INFO  MarkAndDisassembleGaps.java> created function at 8002239c (GhidraScript)  
INFO  MarkAndDisassembleGaps.java> created function at 80022c54 (GhidraScript)  
INFO  MarkAndDisassembleGaps.java> created function at 80024718 (GhidraScript)  
INFO  MarkAndDisassembleGaps.java> created function at 80042724 (GhidraScript)  
INFO  MarkAndDisassembleGaps.java> created function at 80042cdc (GhidraScript)  
INFO  MarkAndDisassembleGaps.java> created function at 80043224 (GhidraScript)  
INFO  ANALYZING all memory and code: /SLUS_005.10 (HeadlessAnalyzer)  
WARN  Decompiling 8001be5c: Unable to read bytes at ram:8006f700 (DecompileCallback)  
WARN  Decompiling 8001be5c: Unable to read bytes at ram:8006f704 (DecompileCallback)  
WARN  Decompiling 8001be5c: Unable to read bytes at ram:8006f708 (DecompileCallback)  
WARN  Decompiling 8001be5c: Unable to read bytes at ram:8006f70c (DecompileCallback)  
WARN  Decompiling 8001be5c: Unable to read bytes at ram:8006f710 (DecompileCallback)  
WARN  Decompiling 8001be5c: Unable to read bytes at ram:8006f700 (DecompileCallback)  
WARN  Decompiling 8001be5c: Unable to read bytes at ram:8006f704 (DecompileCallback)  
WARN  Decompiling 8001be5c: Unable to read bytes at ram:8006f708 (DecompileCallback)  
WARN  Decompiling 8001be5c: Unable to read bytes at ram:8006f70c (DecompileCallback)  
WARN  Decompiling 8001be5c: Unable to read bytes at ram:8006f710 (DecompileCallback)  
WARN  Decompiling 8001be5c: Unable to read bytes at ram:8006f700 (DecompileCallback)  
WARN  Decompiling 8001be5c: Unable to read bytes at ram:8006f704 (DecompileCallback)  
WARN  Decompiling 8001be5c: Unable to read bytes at ram:8006f708 (DecompileCallback)  
WARN  Decompiling 8001be5c: Unable to read bytes at ram:8006f70c (DecompileCallback)  
WARN  Decompiling 8001be5c: Unable to read bytes at ram:8006f710 (DecompileCallback)  
WARN  Decompiling 8001be5c: Unable to read bytes at ram:8006f700 (DecompileCallback)  
WARN  Decompiling 8001be5c: Unable to read bytes at ram:8006f704 (DecompileCallback)  
WARN  Decompiling 8001be5c: Unable to read bytes at ram:8006f708 (DecompileCallback)  
WARN  Decompiling 8001be5c: Unable to read bytes at ram:8006f70c (DecompileCallback)  
WARN  Decompiling 8001be5c: Unable to read bytes at ram:8006f710 (DecompileCallback)  
WARN  Decompiling 8001be5c: Unable to read bytes at ram:8006f700 (DecompileCallback)  
WARN  Decompiling 8001be5c: Unable to read bytes at ram:8006f704 (DecompileCallback)  
WARN  Decompiling 8001be5c: Unable to read bytes at ram:8006f708 (DecompileCallback)  
WARN  Decompiling 8001be5c: Unable to read bytes at ram:8006f70c (DecompileCallback)  
WARN  Decompiling 8001be5c: Unable to read bytes at ram:8006f710 (DecompileCallback)  
WARN  Decompiling 8001be5c: Unable to read bytes at ram:8006f700 (DecompileCallback)  
WARN  Decompiling 8001be5c: Unable to read bytes at ram:8006f704 (DecompileCallback)  
WARN  Decompiling 8001be5c: Unable to read bytes at ram:8006f708 (DecompileCallback)  
WARN  Decompiling 8001be5c: Unable to read bytes at ram:8006f70c (DecompileCallback)  
WARN  Decompiling 8001be5c: Unable to read bytes at ram:8006f710 (DecompileCallback)  
WARN  Decompiling 8001be5c: Unable to read bytes at ram:8006f700 (DecompileCallback)  
WARN  Decompiling 8001be5c: Unable to read bytes at ram:8006f704 (DecompileCallback)  
WARN  Decompiling 8001be5c: Unable to read bytes at ram:8006f708 (DecompileCallback)  
WARN  Decompiling 8001be5c: Unable to read bytes at ram:8006f70c (DecompileCallback)  
WARN  Decompiling 8001be5c: Unable to read bytes at ram:8006f710 (DecompileCallback)  
WARN  Decompiling 8001be5c: Unable to read bytes at ram:8006f700 (DecompileCallback)  
WARN  Decompiling 8001be5c: Unable to read bytes at ram:8006f704 (DecompileCallback)  
WARN  Decompiling 8001be5c: Unable to read bytes at ram:8006f708 (DecompileCallback)  
WARN  Decompiling 8001be5c: Unable to read bytes at ram:8006f70c (DecompileCallback)  
WARN  Decompiling 8001be5c: Unable to read bytes at ram:8006f710 (DecompileCallback)  
INFO  Packed database cache: C:\Users\smmel\AppData\Local\ghidra\packed-db-cache (PackedDatabaseCache)  
INFO  Applied data type archive: generic_clib (ApplyDataArchiveAnalyzer)  
WARN  Decompiling 20000000, pcode error at 20000000: Disassembly not permitted within uninitialized memory block (DecompileCallback)  
WARN  Decompiling 20000004, pcode error at 20000004: Disassembly not permitted within uninitialized memory block (DecompileCallback)  
WARN  Decompiling 20000008, pcode error at 20000008: Disassembly not permitted within uninitialized memory block (DecompileCallback)  
WARN  Decompiling 2000000c, pcode error at 2000000c: Disassembly not permitted within uninitialized memory block (DecompileCallback)  
WARN  Decompiling 20000010, pcode error at 20000010: Disassembly not permitted within uninitialized memory block (DecompileCallback)  
WARN  Decompiling 20000014, pcode error at 20000014: Disassembly not permitted within uninitialized memory block (DecompileCallback)  
WARN  Decompiling 20000018, pcode error at 20000018: Disassembly not permitted within uninitialized memory block (DecompileCallback)  
WARN  Decompiling 2000001c, pcode error at 2000001c: Disassembly not permitted within uninitialized memory block (DecompileCallback)  
WARN  Decompiling 20000020, pcode error at 20000020: Disassembly not permitted within uninitialized memory block (DecompileCallback)  
WARN  Decompiling 20000024, pcode error at 20000024: Disassembly not permitted within uninitialized memory block (DecompileCallback)  
WARN  Decompiling 20000028, pcode error at 20000028: Disassembly not permitted within uninitialized memory block (DecompileCallback)  
WARN  Decompiling 2000002c, pcode error at 2000002c: Disassembly not permitted within uninitialized memory block (DecompileCallback)  
WARN  Decompiling 20000030, pcode error at 20000030: Disassembly not permitted within uninitialized memory block (DecompileCallback)  
WARN  Decompiling 20000034, pcode error at 20000034: Disassembly not permitted within uninitialized memory block (DecompileCallback)  
WARN  Decompiling 20000038, pcode error at 20000038: Disassembly not permitted within uninitialized memory block (DecompileCallback)  
WARN  Decompiling 2000003c, pcode error at 2000003c: Disassembly not permitted within uninitialized memory block (DecompileCallback)  
WARN  Decompiling 20000040, pcode error at 20000040: Disassembly not permitted within uninitialized memory block (DecompileCallback)  
WARN  Decompiling 20000044, pcode error at 20000044: Disassembly not permitted within uninitialized memory block (DecompileCallback)  
WARN  Decompiling 20000048, pcode error at 20000048: Disassembly not permitted within uninitialized memory block (DecompileCallback)  
WARN  Decompiling 2000004c, pcode error at 2000004c: Disassembly not permitted within uninitialized memory block (DecompileCallback)  
WARN  Decompiling 20000050, pcode error at 20000050: Disassembly not permitted within uninitialized memory block (DecompileCallback)  
WARN  Decompiling 20000054, pcode error at 20000054: Disassembly not permitted within uninitialized memory block (DecompileCallback)  
WARN  Decompiling 20000058, pcode error at 20000058: Disassembly not permitted within uninitialized memory block (DecompileCallback)  
WARN  Decompiling 2000005c, pcode error at 2000005c: Disassembly not permitted within uninitialized memory block (DecompileCallback)  
WARN  Decompiling 20000060, pcode error at 20000060: Disassembly not permitted within uninitialized memory block (DecompileCallback)  
WARN  Decompiling 20000064, pcode error at 20000064: Disassembly not permitted within uninitialized memory block (DecompileCallback)  
WARN  Decompiling 20000068, pcode error at 20000068: Disassembly not permitted within uninitialized memory block (DecompileCallback)  
WARN  Decompiling 2000006c, pcode error at 2000006c: Disassembly not permitted within uninitialized memory block (DecompileCallback)  
WARN  Decompiling 20000070, pcode error at 20000070: Disassembly not permitted within uninitialized memory block (DecompileCallback)  
WARN  Decompiling 20000074, pcode error at 20000074: Disassembly not permitted within uninitialized memory block (DecompileCallback)  
WARN  Decompiling 20000078, pcode error at 20000078: Disassembly not permitted within uninitialized memory block (DecompileCallback)  
WARN  Decompiling 2000007c, pcode error at 2000007c: Disassembly not permitted within uninitialized memory block (DecompileCallback)  
WARN  Decompiling 20000080, pcode error at 20000080: Disassembly not permitted within uninitialized memory block (DecompileCallback)  
WARN  Decompiling 20000084, pcode error at 20000084: Disassembly not permitted within uninitialized memory block (DecompileCallback)  
WARN  Decompiling 20000088, pcode error at 20000088: Disassembly not permitted within uninitialized memory block (DecompileCallback)  
WARN  Decompiling 2000008c, pcode error at 2000008c: Disassembly not permitted within uninitialized memory block (DecompileCallback)  
WARN  Decompiling 20000090, pcode error at 20000090: Disassembly not permitted within uninitialized memory block (DecompileCallback)  
WARN  Decompiling 20000094, pcode error at 20000094: Disassembly not permitted within uninitialized memory block (DecompileCallback)  
WARN  Decompiling 20000098, pcode error at 20000098: Disassembly not permitted within uninitialized memory block (DecompileCallback)  
WARN  Decompiling 2000009c, pcode error at 2000009c: Disassembly not permitted within uninitialized memory block (DecompileCallback)  
WARN  Decompiling 200000a0, pcode error at 200000a0: Disassembly not permitted within uninitialized memory block (DecompileCallback)  
WARN  Decompiling 200000a4, pcode error at 200000a4: Disassembly not permitted within uninitialized memory block (DecompileCallback)  
WARN  Decompiling 200000a8, pcode error at 200000a8: Disassembly not permitted within uninitialized memory block (DecompileCallback)  
WARN  Decompiling 200000ac, pcode error at 200000ac: Disassembly not permitted within uninitialized memory block (DecompileCallback)  
WARN  Decompiling 200000b0, pcode error at 200000b0: Disassembly not permitted within uninitialized memory block (DecompileCallback)  
WARN  Decompiling 200000b4, pcode error at 200000b4: Disassembly not permitted within uninitialized memory block (DecompileCallback)  
WARN  Decompiling 200000b8, pcode error at 200000b8: Disassembly not permitted within uninitialized memory block (DecompileCallback)  
WARN  Decompiling 200000bc, pcode error at 200000bc: Disassembly not permitted within uninitialized memory block (DecompileCallback)  
WARN  Decompiling 200000c0, pcode error at 200000c0: Disassembly not permitted within uninitialized memory block (DecompileCallback)  
WARN  Decompiling 200000c4, pcode error at 200000c4: Disassembly not permitted within uninitialized memory block (DecompileCallback)  
WARN  Decompiling 200000c8, pcode error at 200000c8: Disassembly not permitted within uninitialized memory block (DecompileCallback)  
WARN  Decompiling 200000cc, pcode error at 200000cc: Disassembly not permitted within uninitialized memory block (DecompileCallback)  
WARN  Decompiling 200000d0, pcode error at 200000d0: Disassembly not permitted within uninitialized memory block (DecompileCallback)  
WARN  Decompiling 200000d4, pcode error at 200000d4: Disassembly not permitted within uninitialized memory block (DecompileCallback)  
WARN  Decompiling 200000d8, pcode error at 200000d8: Disassembly not permitted within uninitialized memory block (DecompileCallback)  
WARN  Decompiling 200000dc, pcode error at 200000dc: Disassembly not permitted within uninitialized memory block (DecompileCallback)  
WARN  Decompiling 200000e0, pcode error at 200000e0: Disassembly not permitted within uninitialized memory block (DecompileCallback)  
WARN  Decompiling 200000e4, pcode error at 200000e4: Disassembly not permitted within uninitialized memory block (DecompileCallback)  
WARN  Decompiling 200000e8, pcode error at 200000e8: Disassembly not permitted within uninitialized memory block (DecompileCallback)  
WARN  Decompiling 200000ec, pcode error at 200000ec: Disassembly not permitted within uninitialized memory block (DecompileCallback)  
WARN  Decompiling 200000f0, pcode error at 200000f0: Disassembly not permitted within uninitialized memory block (DecompileCallback)  
WARN  Decompiling 200000f4, pcode error at 200000f4: Disassembly not permitted within uninitialized memory block (DecompileCallback)  
WARN  Decompiling 200000f8, pcode error at 200000f8: Disassembly not permitted within uninitialized memory block (DecompileCallback)  
WARN  Decompiling 200000fc, pcode error at 200000fc: Disassembly not permitted within uninitialized memory block (DecompileCallback)  
WARN  Decompiling 20000100, pcode error at 20000100: Disassembly not permitted within uninitialized memory block (DecompileCallback)  
WARN  Decompiling 20000104, pcode error at 20000104: Disassembly not permitted within uninitialized memory block (DecompileCallback)  
WARN  Decompiling 20000108, pcode error at 20000108: Disassembly not permitted within uninitialized memory block (DecompileCallback)  
WARN  Decompiling 2000010c, pcode error at 2000010c: Disassembly not permitted within uninitialized memory block (DecompileCallback)  
WARN  Decompiling 20000110, pcode error at 20000110: Disassembly not permitted within uninitialized memory block (DecompileCallback)  
WARN  Decompiling 20000114, pcode error at 20000114: Disassembly not permitted within uninitialized memory block (DecompileCallback)  
WARN  Decompiling 20000118, pcode error at 20000118: Disassembly not permitted within uninitialized memory block (DecompileCallback)  
WARN  Decompiling 2000011c, pcode error at 2000011c: Disassembly not permitted within uninitialized memory block (DecompileCallback)  
WARN  Decompiling 20000120, pcode error at 20000120: Disassembly not permitted within uninitialized memory block (DecompileCallback)  
WARN  Decompiling 20000124, pcode error at 20000124: Disassembly not permitted within uninitialized memory block (DecompileCallback)  
WARN  Decompiling 20000128, pcode error at 20000128: Disassembly not permitted within uninitialized memory block (DecompileCallback)  
WARN  Decompiling 2000012c, pcode error at 2000012c: Disassembly not permitted within uninitialized memory block (DecompileCallback)  
WARN  Decompiling 20000130, pcode error at 20000130: Disassembly not permitted within uninitialized memory block (DecompileCallback)  
WARN  Decompiling 20000134, pcode error at 20000134: Disassembly not permitted within uninitialized memory block (DecompileCallback)  
WARN  Decompiling 20000138, pcode error at 20000138: Disassembly not permitted within uninitialized memory block (DecompileCallback)  
WARN  Decompiling 2000013c, pcode error at 2000013c: Disassembly not permitted within uninitialized memory block (DecompileCallback)  
WARN  Decompiling 20000140, pcode error at 20000140: Disassembly not permitted within uninitialized memory block (DecompileCallback)  
WARN  Decompiling 20000144, pcode error at 20000144: Disassembly not permitted within uninitialized memory block (DecompileCallback)  
WARN  Decompiling 20000148, pcode error at 20000148: Disassembly not permitted within uninitialized memory block (DecompileCallback)  
WARN  Decompiling 2000014c, pcode error at 2000014c: Disassembly not permitted within uninitialized memory block (DecompileCallback)  
WARN  Decompiling 20000150, pcode error at 20000150: Disassembly not permitted within uninitialized memory block (DecompileCallback)  
WARN  Decompiling 20000154, pcode error at 20000154: Disassembly not permitted within uninitialized memory block (DecompileCallback)  
WARN  Decompiling 20000158, pcode error at 20000158: Disassembly not permitted within uninitialized memory block (DecompileCallback)  
WARN  Decompiling 2000015c, pcode error at 2000015c: Disassembly not permitted within uninitialized memory block (DecompileCallback)  
WARN  Decompiling 20000160, pcode error at 20000160: Disassembly not permitted within uninitialized memory block (DecompileCallback)  
WARN  Decompiling 20000164, pcode error at 20000164: Disassembly not permitted within uninitialized memory block (DecompileCallback)  
WARN  Decompiling 20000168, pcode error at 20000168: Disassembly not permitted within uninitialized memory block (DecompileCallback)  
WARN  Decompiling 2000016c, pcode error at 2000016c: Disassembly not permitted within uninitialized memory block (DecompileCallback)  
WARN  Decompiling 20000170, pcode error at 20000170: Disassembly not permitted within uninitialized memory block (DecompileCallback)  
WARN  Decompiling 20000174, pcode error at 20000174: Disassembly not permitted within uninitialized memory block (DecompileCallback)  
WARN  Decompiling 20000178, pcode error at 20000178: Disassembly not permitted within uninitialized memory block (DecompileCallback)  
WARN  Decompiling 2000017c, pcode error at 2000017c: Disassembly not permitted within uninitialized memory block (DecompileCallback)  
WARN  Decompiling 20000180, pcode error at 20000180: Disassembly not permitted within uninitialized memory block (DecompileCallback)  
WARN  Decompiling 20000184, pcode error at 20000184: Disassembly not permitted within uninitialized memory block (DecompileCallback)  
WARN  Decompiling 20000188, pcode error at 20000188: Disassembly not permitted within uninitialized memory block (DecompileCallback)  
WARN  Decompiling 2000018c, pcode error at 2000018c: Disassembly not permitted within uninitialized memory block (DecompileCallback)  
WARN  Decompiling 20000190, pcode error at 20000190: Disassembly not permitted within uninitialized memory block (DecompileCallback)  
WARN  Decompiling 20000194, pcode error at 20000194: Disassembly not permitted within uninitialized memory block (DecompileCallback)  
WARN  Decompiling 20000198, pcode error at 20000198: Disassembly not permitted within uninitialized memory block (DecompileCallback)  
WARN  Decompiling 2000019c, pcode error at 2000019c: Disassembly not permitted within uninitialized memory block (DecompileCallback)  
WARN  Decompiling 200001a0, pcode error at 200001a0: Disassembly not permitted within uninitialized memory block (DecompileCallback)  
WARN  Decompiling 200001a4, pcode error at 200001a4: Disassembly not permitted within uninitialized memory block (DecompileCallback)  
WARN  Decompiling 200001a8, pcode error at 200001a8: Disassembly not permitted within uninitialized memory block (DecompileCallback)  
WARN  Decompiling 200001ac, pcode error at 200001ac: Disassembly not permitted within uninitialized memory block (DecompileCallback)  
WARN  Decompiling 200001b0, pcode error at 200001b0: Disassembly not permitted within uninitialized memory block (DecompileCallback)  
WARN  Decompiling 200001b4, pcode error at 200001b4: Disassembly not permitted within uninitialized memory block (DecompileCallback)  
WARN  Decompiling 200001b8, pcode error at 200001b8: Disassembly not permitted within uninitialized memory block (DecompileCallback)  
WARN  Decompiling 200001bc, pcode error at 200001bc: Disassembly not permitted within uninitialized memory block (DecompileCallback)  
WARN  Decompiling 200001c0, pcode error at 200001c0: Disassembly not permitted within uninitialized memory block (DecompileCallback)  
WARN  Decompiling 200001c4, pcode error at 200001c4: Disassembly not permitted within uninitialized memory block (DecompileCallback)  
WARN  Decompiling 200001c8, pcode error at 200001c8: Disassembly not permitted within uninitialized memory block (DecompileCallback)  
WARN  Decompiling 200001cc, pcode error at 200001cc: Disassembly not permitted within uninitialized memory block (DecompileCallback)  
WARN  Decompiling 200001d0, pcode error at 200001d0: Disassembly not permitted within uninitialized memory block (DecompileCallback)  
WARN  Decompiling 200001d4, pcode error at 200001d4: Disassembly not permitted within uninitialized memory block (DecompileCallback)  
WARN  Decompiling 200001d8, pcode error at 200001d8: Disassembly not permitted within uninitialized memory block (DecompileCallback)  
WARN  Decompiling 200001dc, pcode error at 200001dc: Disassembly not permitted within uninitialized memory block (DecompileCallback)  
WARN  Decompiling 200001e0, pcode error at 200001e0: Disassembly not permitted within uninitialized memory block (DecompileCallback)  
WARN  Decompiling 200001e4, pcode error at 200001e4: Disassembly not permitted within uninitialized memory block (DecompileCallback)  
WARN  Decompiling 200001e8, pcode error at 200001e8: Disassembly not permitted within uninitialized memory block (DecompileCallback)  
WARN  Decompiling 200001ec, pcode error at 200001ec: Disassembly not permitted within uninitialized memory block (DecompileCallback)  
WARN  Decompiling 200001f0, pcode error at 200001f0: Disassembly not permitted within uninitialized memory block (DecompileCallback)  
WARN  Decompiling 200001f4, pcode error at 200001f4: Disassembly not permitted within uninitialized memory block (DecompileCallback)  
WARN  Decompiling 200001f8, pcode error at 200001f8: Disassembly not permitted within uninitialized memory block (DecompileCallback)  
WARN  Decompiling 200001fc, pcode error at 200001fc: Disassembly not permitted within uninitialized memory block (DecompileCallback)  
WARN  Decompiling 20000200, pcode error at 20000200: Disassembly not permitted within uninitialized memory block (DecompileCallback)  
WARN  Decompiling 20000204, pcode error at 20000204: Disassembly not permitted within uninitialized memory block (DecompileCallback)  
WARN  Decompiling 20000208, pcode error at 20000208: Disassembly not permitted within uninitialized memory block (DecompileCallback)  
WARN  Decompiling 2000020c, pcode error at 2000020c: Disassembly not permitted within uninitialized memory block (DecompileCallback)  
WARN  Decompiling 20000210, pcode error at 20000210: Disassembly not permitted within uninitialized memory block (DecompileCallback)  
WARN  Decompiling 20000214, pcode error at 20000214: Disassembly not permitted within uninitialized memory block (DecompileCallback)  
WARN  Decompiling 20000218, pcode error at 20000218: Disassembly not permitted within uninitialized memory block (DecompileCallback)  
WARN  Decompiling 2000021c, pcode error at 2000021c: Disassembly not permitted within uninitialized memory block (DecompileCallback)  
WARN  Decompiling 20000220, pcode error at 20000220: Disassembly not permitted within uninitialized memory block (DecompileCallback)  
WARN  Decompiling 20000224, pcode error at 20000224: Disassembly not permitted within uninitialized memory block (DecompileCallback)  
WARN  Decompiling 20000228, pcode error at 20000228: Disassembly not permitted within uninitialized memory block (DecompileCallback)  
WARN  Decompiling 2000022c, pcode error at 2000022c: Disassembly not permitted within uninitialized memory block (DecompileCallback)  
WARN  Decompiling 20000230, pcode error at 20000230: Disassembly not permitted within uninitialized memory block (DecompileCallback)  
WARN  Decompiling 20000234, pcode error at 20000234: Disassembly not permitted within uninitialized memory block (DecompileCallback)  
WARN  Decompiling 20000238, pcode error at 20000238: Disassembly not permitted within uninitialized memory block (DecompileCallback)  
WARN  Decompiling 2000023c, pcode error at 2000023c: Disassembly not permitted within uninitialized memory block (DecompileCallback)  
WARN  Decompiling 20000240, pcode error at 20000240: Disassembly not permitted within uninitialized memory block (DecompileCallback)  
WARN  Decompiling 20000244, pcode error at 20000244: Disassembly not permitted within uninitialized memory block (DecompileCallback)  
WARN  Decompiling 20000248, pcode error at 20000248: Disassembly not permitted within uninitialized memory block (DecompileCallback)  
WARN  Decompiling 2000024c, pcode error at 2000024c: Disassembly not permitted within uninitialized memory block (DecompileCallback)  
WARN  Decompiling 20000250, pcode error at 20000250: Disassembly not permitted within uninitialized memory block (DecompileCallback)  
WARN  Decompiling 20000254, pcode error at 20000254: Disassembly not permitted within uninitialized memory block (DecompileCallback)  
WARN  Decompiling 20000258, pcode error at 20000258: Disassembly not permitted within uninitialized memory block (DecompileCallback)  
WARN  Decompiling 2000025c, pcode error at 2000025c: Disassembly not permitted within uninitialized memory block (DecompileCallback)  
WARN  Decompiling 20000260, pcode error at 20000260: Disassembly not permitted within uninitialized memory block (DecompileCallback)  
WARN  Decompiling 800116b4: Unable to read bytes at ram:801ffff0 (DecompileCallback)  
WARN  Decompiling 80013cac: Unable to read bytes at ram:8006f680 (DecompileCallback)  
WARN  Decompiling 80013cac: Unable to read bytes at ram:8006f680 (DecompileCallback)  
WARN  Decompiling 80013cac: Unable to read bytes at ram:8006f684 (DecompileCallback)  
WARN  Decompiling 80013cac: Unable to read bytes at ram:8006f684 (DecompileCallback)  
WARN  Decompiling 80013cac: Unable to read bytes at ram:8006f688 (DecompileCallback)  
WARN  Decompiling 80013cac: Unable to read bytes at ram:8006f688 (DecompileCallback)  
WARN  Decompiling 80013cac: Unable to read bytes at ram:8006f68c (DecompileCallback)  
WARN  Decompiling 80013cac: Unable to read bytes at ram:8006f68c (DecompileCallback)  
WARN  Decompiling 80013cac: Unable to read bytes at ram:8006f690 (DecompileCallback)  
WARN  Decompiling 80013cac: Unable to read bytes at ram:8006f690 (DecompileCallback)  
WARN  Decompiling 80013cac: Unable to read bytes at ram:8006f694 (DecompileCallback)  
WARN  Decompiling 80013cac: Unable to read bytes at ram:8006f694 (DecompileCallback)  
WARN  Decompiling 80013cac: Unable to read bytes at ram:8006f698 (DecompileCallback)  
WARN  Decompiling 80013cac: Unable to read bytes at ram:8006f698 (DecompileCallback)  
WARN  Decompiling 80013cac: Unable to read bytes at ram:8006f69c (DecompileCallback)  
WARN  Decompiling 80013cac: Unable to read bytes at ram:8006f69c (DecompileCallback)  
WARN  Decompiling 80013cac: Unable to read bytes at ram:8006f680 (DecompileCallback)  
WARN  Decompiling 80013cac: Unable to read bytes at ram:8006f684 (DecompileCallback)  
WARN  Decompiling 80013cac: Unable to read bytes at ram:8006f688 (DecompileCallback)  
WARN  Decompiling 80013cac: Unable to read bytes at ram:8006f68c (DecompileCallback)  
WARN  Decompiling 80013cac: Unable to read bytes at ram:8006f690 (DecompileCallback)  
WARN  Decompiling 80013cac: Unable to read bytes at ram:8006f694 (DecompileCallback)  
WARN  Decompiling 80013cac: Unable to read bytes at ram:8006f698 (DecompileCallback)  
WARN  Decompiling 80013cac: Unable to read bytes at ram:8006f69c (DecompileCallback)  
WARN  Decompiling 80018618: Unable to read bytes at ram:8006f628 (DecompileCallback)  
WARN  Decompiling 80018618: Unable to read bytes at ram:8006f628 (DecompileCallback)  
WARN  Decompiling 80018618: Unable to read bytes at ram:8006f628 (DecompileCallback)  
WARN  Decompiling 80018618: Unable to read bytes at ram:8006f628 (DecompileCallback)  
WARN  Decompiling 80018618: Unable to read bytes at ram:8006f630 (DecompileCallback)  
WARN  Decompiling 80018618: Unable to read bytes at ram:8006f638 (DecompileCallback)  
WARN  Decompiling 80018618: Unable to read bytes at ram:8006f628 (DecompileCallback)  
WARN  Decompiling 80018618: Unable to read bytes at ram:8006f630 (DecompileCallback)  
WARN  Decompiling 80018618: Unable to read bytes at ram:8006f638 (DecompileCallback)  
WARN  Decompiling 8001be5c: Unable to read bytes at ram:8006f700 (DecompileCallback)  
WARN  Decompiling 8001be5c: Unable to read bytes at ram:8006f704 (DecompileCallback)  
WARN  Decompiling 8001be5c: Unable to read bytes at ram:8006f708 (DecompileCallback)  
WARN  Decompiling 8001be5c: Unable to read bytes at ram:8006f70c (DecompileCallback)  
WARN  Decompiling 8001be5c: Unable to read bytes at ram:8006f710 (DecompileCallback)  
WARN  Decompiling 8001be5c: Unable to read bytes at ram:8006f700 (DecompileCallback)  
WARN  Decompiling 8001be5c: Unable to read bytes at ram:8006f704 (DecompileCallback)  
WARN  Decompiling 8001be5c: Unable to read bytes at ram:8006f708 (DecompileCallback)  
WARN  Decompiling 8001be5c: Unable to read bytes at ram:8006f70c (DecompileCallback)  
WARN  Decompiling 8001be5c: Unable to read bytes at ram:8006f710 (DecompileCallback)  
WARN  Decompiling 8001be5c: Unable to read bytes at ram:8006f700 (DecompileCallback)  
WARN  Decompiling 8001be5c: Unable to read bytes at ram:8006f704 (DecompileCallback)  
WARN  Decompiling 8001be5c: Unable to read bytes at ram:8006f708 (DecompileCallback)  
WARN  Decompiling 8001be5c: Unable to read bytes at ram:8006f70c (DecompileCallback)  
WARN  Decompiling 8001be5c: Unable to read bytes at ram:8006f710 (DecompileCallback)  
WARN  Decompiling 8001be5c: Unable to read bytes at ram:8006f700 (DecompileCallback)  
WARN  Decompiling 8001be5c: Unable to read bytes at ram:8006f704 (DecompileCallback)  
WARN  Decompiling 8001be5c: Unable to read bytes at ram:8006f708 (DecompileCallback)  
WARN  Decompiling 8001be5c: Unable to read bytes at ram:8006f70c (DecompileCallback)  
WARN  Decompiling 8001be5c: Unable to read bytes at ram:8006f710 (DecompileCallback)  
WARN  Decompiling 8001be5c: Unable to read bytes at ram:8006f700 (DecompileCallback)  
WARN  Decompiling 8001be5c: Unable to read bytes at ram:8006f704 (DecompileCallback)  
WARN  Decompiling 8001be5c: Unable to read bytes at ram:8006f708 (DecompileCallback)  
WARN  Decompiling 8001be5c: Unable to read bytes at ram:8006f70c (DecompileCallback)  
WARN  Decompiling 8001be5c: Unable to read bytes at ram:8006f710 (DecompileCallback)  
WARN  Decompiling 8001be5c: Unable to read bytes at ram:8006f700 (DecompileCallback)  
WARN  Decompiling 8001be5c: Unable to read bytes at ram:8006f704 (DecompileCallback)  
WARN  Decompiling 8001be5c: Unable to read bytes at ram:8006f708 (DecompileCallback)  
WARN  Decompiling 8001be5c: Unable to read bytes at ram:8006f70c (DecompileCallback)  
WARN  Decompiling 8001be5c: Unable to read bytes at ram:8006f710 (DecompileCallback)  
WARN  Decompiling 8001be5c: Unable to read bytes at ram:8006f700 (DecompileCallback)  
WARN  Decompiling 8001be5c: Unable to read bytes at ram:8006f704 (DecompileCallback)  
WARN  Decompiling 8001be5c: Unable to read bytes at ram:8006f708 (DecompileCallback)  
WARN  Decompiling 8001be5c: Unable to read bytes at ram:8006f70c (DecompileCallback)  
WARN  Decompiling 8001be5c: Unable to read bytes at ram:8006f710 (DecompileCallback)  
WARN  Decompiling 8001be5c: Unable to read bytes at ram:8006f700 (DecompileCallback)  
WARN  Decompiling 8001be5c: Unable to read bytes at ram:8006f704 (DecompileCallback)  
WARN  Decompiling 8001be5c: Unable to read bytes at ram:8006f708 (DecompileCallback)  
WARN  Decompiling 8001be5c: Unable to read bytes at ram:8006f70c (DecompileCallback)  
WARN  Decompiling 8001be5c: Unable to read bytes at ram:8006f710 (DecompileCallback)  
WARN  Decompiling 8001d9c0: Unable to read bytes at ram:8006f680 (DecompileCallback)  
WARN  Decompiling 8001d9c0: Unable to read bytes at ram:8006f684 (DecompileCallback)  
WARN  Decompiling 8001d9c0: Unable to read bytes at ram:8006f688 (DecompileCallback)  
WARN  Decompiling 8001d9c0: Unable to read bytes at ram:8006f68c (DecompileCallback)  
WARN  Decompiling 8001d9c0: Unable to read bytes at ram:8006f690 (DecompileCallback)  
WARN  Decompiling 8001d9c0: Unable to read bytes at ram:8006f694 (DecompileCallback)  
WARN  Decompiling 8001d9c0: Unable to read bytes at ram:8006f698 (DecompileCallback)  
WARN  Decompiling 8001d9c0: Unable to read bytes at ram:8006f69c (DecompileCallback)  
WARN  Decompiling 8001d9c0: Unable to read bytes at ram:8006f680 (DecompileCallback)  
WARN  Decompiling 8001d9c0: Unable to read bytes at ram:8006f684 (DecompileCallback)  
WARN  Decompiling 8001d9c0: Unable to read bytes at ram:8006f688 (DecompileCallback)  
WARN  Decompiling 8001d9c0: Unable to read bytes at ram:8006f68c (DecompileCallback)  
WARN  Decompiling 8001d9c0: Unable to read bytes at ram:8006f690 (DecompileCallback)  
WARN  Decompiling 8001d9c0: Unable to read bytes at ram:8006f694 (DecompileCallback)  
WARN  Decompiling 8001d9c0: Unable to read bytes at ram:8006f698 (DecompileCallback)  
WARN  Decompiling 8001d9c0: Unable to read bytes at ram:8006f69c (DecompileCallback)  
WARN  Decompiling 8002a598: Unable to read bytes at ram:800737d4 (DecompileCallback)  
WARN  Decompiling 8002a598: Unable to read bytes at ram:800a2837 (DecompileCallback)  
WARN  Decompiling 8002a598: Unable to read bytes at ram:800a2b80 (DecompileCallback)  
WARN  Decompiling 8002a598: Unable to read bytes at ram:800a2b84 (DecompileCallback)  
WARN  Decompiling 8002a598: Unable to read bytes at ram:800a2b88 (DecompileCallback)  
WARN  Decompiling 8002a598: Unable to read bytes at ram:800a2b8c (DecompileCallback)  
WARN  Decompiling 8002a598: Unable to read bytes at ram:800a2b8f (DecompileCallback)  
WARN  Decompiling 8002a598: Unable to read bytes at ram:800a2b90 (DecompileCallback)  
WARN  Decompiling 8002a598: Unable to read bytes at ram:800a2b94 (DecompileCallback)  
WARN  Decompiling 8002a598: Unable to read bytes at ram:800a2b98 (DecompileCallback)  
WARN  Decompiling 8002a598: Unable to read bytes at ram:800a2fb8 (DecompileCallback)  
WARN  Decompiling 8002a598: Unable to read bytes at ram:800a2fbc (DecompileCallback)  
WARN  Decompiling 8002a598: Unable to read bytes at ram:800a2fc0 (DecompileCallback)  
WARN  Decompiling 8002a598: Unable to read bytes at ram:800a2fc4 (DecompileCallback)  
WARN  Decompiling 8002a598: Unable to read bytes at ram:800a2fc7 (DecompileCallback)  
WARN  Decompiling 8002a598: Unable to read bytes at ram:800a2fc8 (DecompileCallback)  
WARN  Decompiling 8002a598: Unable to read bytes at ram:800a2fd0 (DecompileCallback)  
WARN  Decompiling 8002a598: Unable to read bytes at ram:800737d4 (DecompileCallback)  
WARN  Decompiling 8002a598: Unable to read bytes at ram:800a2837 (DecompileCallback)  
WARN  Decompiling 8002a598: Unable to read bytes at ram:800a2847 (DecompileCallback)  
WARN  Decompiling 8002a598: Unable to read bytes at ram:800a2852 (DecompileCallback)  
WARN  Decompiling 8002a598: Unable to read bytes at ram:800a2910 (DecompileCallback)  
WARN  Decompiling 8002a598: Unable to read bytes at ram:800a2b80 (DecompileCallback)  
WARN  Decompiling 8002a598: Unable to read bytes at ram:800a2b84 (DecompileCallback)  
WARN  Decompiling 8002a598: Unable to read bytes at ram:800a2b88 (DecompileCallback)  
WARN  Decompiling 8002a598: Unable to read bytes at ram:800a2b8c (DecompileCallback)  
WARN  Decompiling 8002a598: Unable to read bytes at ram:800a2b90 (DecompileCallback)  
WARN  Decompiling 8002a598: Unable to read bytes at ram:800a2b94 (DecompileCallback)  
WARN  Decompiling 8002a598: Unable to read bytes at ram:800a2b98 (DecompileCallback)  
WARN  Decompiling 8002a598: Unable to read bytes at ram:800a2fb8 (DecompileCallback)  
WARN  Decompiling 8002a598: Unable to read bytes at ram:800a2fbc (DecompileCallback)  
WARN  Decompiling 8002a598: Unable to read bytes at ram:800a2fc0 (DecompileCallback)  
WARN  Decompiling 8002a598: Unable to read bytes at ram:800a2fc4 (DecompileCallback)  
WARN  Decompiling 8002a598: Unable to read bytes at ram:800a2fc8 (DecompileCallback)  
WARN  Decompiling 8002a598: Unable to read bytes at ram:800a2fd0 (DecompileCallback)  
WARN  Decompiling 8002a598: Unable to read bytes at ram:800a2910 (DecompileCallback)  
WARN  Decompiling 8002a598: Unable to read bytes at ram:800737d4 (DecompileCallback)  
WARN  Decompiling 8002a598: Unable to read bytes at ram:800a2837 (DecompileCallback)  
WARN  Decompiling 8002a598: Unable to read bytes at ram:800a2b80 (DecompileCallback)  
WARN  Decompiling 8002a598: Unable to read bytes at ram:800a2b84 (DecompileCallback)  
WARN  Decompiling 8002a598: Unable to read bytes at ram:800a2b88 (DecompileCallback)  
WARN  Decompiling 8002a598: Unable to read bytes at ram:800a2b8c (DecompileCallback)  
WARN  Decompiling 8002a598: Unable to read bytes at ram:800a2b8f (DecompileCallback)  
WARN  Decompiling 8002a598: Unable to read bytes at ram:800a2b90 (DecompileCallback)  
WARN  Decompiling 8002a598: Unable to read bytes at ram:800a2b94 (DecompileCallback)  
WARN  Decompiling 8002a598: Unable to read bytes at ram:800a2b98 (DecompileCallback)  
WARN  Decompiling 8002a598: Unable to read bytes at ram:800a2fb8 (DecompileCallback)  
WARN  Decompiling 8002a598: Unable to read bytes at ram:800a2fbc (DecompileCallback)  
WARN  Decompiling 8002a598: Unable to read bytes at ram:800a2fc0 (DecompileCallback)  
WARN  Decompiling 8002a598: Unable to read bytes at ram:800a2fc4 (DecompileCallback)  
WARN  Decompiling 8002a598: Unable to read bytes at ram:800a2fc7 (DecompileCallback)  
WARN  Decompiling 8002a598: Unable to read bytes at ram:800a2fc8 (DecompileCallback)  
WARN  Decompiling 8002a598: Unable to read bytes at ram:800a2fd0 (DecompileCallback)  
WARN  Decompiling 8002a598: Unable to read bytes at ram:800737d4 (DecompileCallback)  
WARN  Decompiling 8002a598: Unable to read bytes at ram:800a2837 (DecompileCallback)  
WARN  Decompiling 8002a598: Unable to read bytes at ram:800a2847 (DecompileCallback)  
WARN  Decompiling 8002a598: Unable to read bytes at ram:800a2852 (DecompileCallback)  
WARN  Decompiling 8002a598: Unable to read bytes at ram:800a2910 (DecompileCallback)  
WARN  Decompiling 8002a598: Unable to read bytes at ram:800a2b80 (DecompileCallback)  
WARN  Decompiling 8002a598: Unable to read bytes at ram:800a2b84 (DecompileCallback)  
WARN  Decompiling 8002a598: Unable to read bytes at ram:800a2b88 (DecompileCallback)  
WARN  Decompiling 8002a598: Unable to read bytes at ram:800a2b8c (DecompileCallback)  
WARN  Decompiling 8002a598: Unable to read bytes at ram:800a2b90 (DecompileCallback)  
WARN  Decompiling 8002a598: Unable to read bytes at ram:800a2b94 (DecompileCallback)  
WARN  Decompiling 8002a598: Unable to read bytes at ram:800a2b98 (DecompileCallback)  
WARN  Decompiling 8002a598: Unable to read bytes at ram:800a2fb8 (DecompileCallback)  
WARN  Decompiling 8002a598: Unable to read bytes at ram:800a2fbc (DecompileCallback)  
WARN  Decompiling 8002a598: Unable to read bytes at ram:800a2fc0 (DecompileCallback)  
WARN  Decompiling 8002a598: Unable to read bytes at ram:800a2fc4 (DecompileCallback)  
WARN  Decompiling 8002a598: Unable to read bytes at ram:800a2fc8 (DecompileCallback)  
WARN  Decompiling 8002a598: Unable to read bytes at ram:800a2fd0 (DecompileCallback)  
WARN  Decompiling 8002a598: Unable to read bytes at ram:800a2910 (DecompileCallback)  
WARN  Decompiling 8002be84: Unable to read bytes at ram:800737d8 (DecompileCallback)  
WARN  Decompiling 8002be84: Unable to read bytes at ram:800737d8 (DecompileCallback)  
WARN  Decompiling 8002c018: Unable to read bytes at ram:800737dc (DecompileCallback)  
WARN  Decompiling 8002c018: Unable to read bytes at ram:800737dc (DecompileCallback)  
WARN  Decompiling 8002c018: Unable to read bytes at ram:800737dc (DecompileCallback)  
WARN  Decompiling 8002c3ac: Unable to read bytes at ram:800737d8 (DecompileCallback)  
WARN  Decompiling 8002c3ac: Unable to read bytes at ram:800737d8 (DecompileCallback)  
WARN  Decompiling 8002cce8: Unable to read bytes at ram:800737dc (DecompileCallback)  
WARN  Decompiling 8002cce8: Unable to read bytes at ram:800737dc (DecompileCallback)  
WARN  Decompiling 8002e630: Unable to read bytes at ram:800737d4 (DecompileCallback)  
WARN  Decompiling 8002e630: Unable to read bytes at ram:800737d4 (DecompileCallback)  
WARN  Decompiling 8002e630: Unable to read bytes at ram:800737d4 (DecompileCallback)  
WARN  Decompiling 80031864: Unable to read bytes at ram:800737d8 (DecompileCallback)  
WARN  Decompiling 80031864: Unable to read bytes at ram:800737d8 (DecompileCallback)  
WARN  Decompiling 8003351c: Unable to read bytes at ram:800737d8 (DecompileCallback)  
WARN  Decompiling 8003351c: Unable to read bytes at ram:800737d8 (DecompileCallback)  
WARN  Decompiling 800346cc: Unable to read bytes at ram:800737d8 (DecompileCallback)  
WARN  Decompiling 800346cc: Unable to read bytes at ram:800737d8 (DecompileCallback)  
WARN  Decompiling 8003e730: Unable to read bytes at ram:800737d4 (DecompileCallback)  
WARN  Decompiling 8003e730: Unable to read bytes at ram:800737d4 (DecompileCallback)  
WARN  Decompiling 8003e76c: Unable to read bytes at ram:800737d4 (DecompileCallback)  
WARN  Decompiling 8003e76c: Unable to read bytes at ram:800737d4 (DecompileCallback)  
WARN  Decompiling 8003f0b4: Unable to read bytes at ram:800737d8 (DecompileCallback)  
WARN  Decompiling 8003f0b4: Unable to read bytes at ram:800737d8 (DecompileCallback)  
WARN  Decompiling 8003f0b4: Unable to read bytes at ram:800737d8 (DecompileCallback)  
WARN  Decompiling 8003f4a0: Unable to read bytes at ram:800737d8 (DecompileCallback)  
WARN  Decompiling 8003f4a0: Unable to read bytes at ram:800737d8 (DecompileCallback)  
WARN  Decompiling 8003fd24: Unable to read bytes at ram:800737d8 (DecompileCallback)  
WARN  Decompiling 8003fd24: Unable to read bytes at ram:800737d8 (DecompileCallback)  
WARN  Decompiling 8003fdcc: Unable to read bytes at ram:800737d8 (DecompileCallback)  
WARN  Decompiling 8003fdcc: Unable to read bytes at ram:800737d8 (DecompileCallback)  
WARN  Decompiling 80040234: Unable to read bytes at ram:800737d8 (DecompileCallback)  
WARN  Decompiling 80040234: Unable to read bytes at ram:800737d8 (DecompileCallback)  
WARN  Decompiling 80041c5c: Unable to read bytes at ram:8006f680 (DecompileCallback)  
WARN  Decompiling 80041c5c: Unable to read bytes at ram:8006f684 (DecompileCallback)  
WARN  Decompiling 80041c5c: Unable to read bytes at ram:8006f688 (DecompileCallback)  
WARN  Decompiling 80041c5c: Unable to read bytes at ram:8006f68c (DecompileCallback)  
WARN  Decompiling 80041c5c: Unable to read bytes at ram:8006f690 (DecompileCallback)  
WARN  Decompiling 80041c5c: Unable to read bytes at ram:8006f694 (DecompileCallback)  
WARN  Decompiling 80041c5c: Unable to read bytes at ram:8006f698 (DecompileCallback)  
WARN  Decompiling 80041c5c: Unable to read bytes at ram:8006f69c (DecompileCallback)  
WARN  Decompiling 80041c5c: Unable to read bytes at ram:8006f680 (DecompileCallback)  
WARN  Decompiling 80041c5c: Unable to read bytes at ram:8006f684 (DecompileCallback)  
WARN  Decompiling 80041c5c: Unable to read bytes at ram:8006f688 (DecompileCallback)  
WARN  Decompiling 80041c5c: Unable to read bytes at ram:8006f68c (DecompileCallback)  
WARN  Decompiling 80041c5c: Unable to read bytes at ram:8006f690 (DecompileCallback)  
WARN  Decompiling 80041c5c: Unable to read bytes at ram:8006f694 (DecompileCallback)  
WARN  Decompiling 80041c5c: Unable to read bytes at ram:8006f698 (DecompileCallback)  
WARN  Decompiling 80041c5c: Unable to read bytes at ram:8006f69c (DecompileCallback)  
INFO  -----------------------------------------------------
    ASCII Strings                              0.581 secs
    Apply Data Archives                        1.103 secs
    Basic Constant Reference Analyzer          2.110 secs
    Call Convention ID                         0.502 secs
    Call-Fixup Installer                       0.017 secs
    Create Address Tables                      0.066 secs
    Create Address Tables - One Time           0.066 secs
    Create Function                            0.020 secs
    Data Reference                             0.119 secs
    Decompiler Switch Analysis                 2.341 secs
    Demangler GNU                              0.235 secs
    Disassemble Entry Points                   0.136 secs
    Embedded Media                             0.021 secs
    External Entry References                  0.000 secs
    Function ID                                0.358 secs
    PsyQ Signatures                           18.582 secs
    Reference                                  0.167 secs
    Shared Return Calls                        0.229 secs
    Stack                                      0.564 secs
    Subroutine References                      0.189 secs
    Subroutine References - One Time           0.000 secs
-----------------------------------------------------
     Total Time   27 secs
-----------------------------------------------------
 (AutoAnalysisManager)  
INFO  REPORT: Analysis succeeded for file: /SLUS_005.10 (HeadlessAnalyzer)  
INFO  REPORT: Execute script: ExportAllToDisk.java 'analysis/SLUS_005.10'  (HeadlessAnalyzer)  
INFO  SCRIPT: C:\Programming\GitHub\Vigilante 8 recomp\tools\ghidra_scripts\ExportAllToDisk.java (HeadlessAnalyzer)  
INFO  ExportAllToDisk.java> ExportAllToDisk: program=SLUS_005.10 out=C:\Programming\GitHub\Vigilante 8 recomp\analysis\SLUS_005.10 (GhidraScript)  
WARN  Decompiling 20000000, pcode error at 20000000: Disassembly not permitted within uninitialized memory block (DecompileCallback)  
WARN  Decompiling 20000004, pcode error at 20000004: Disassembly not permitted within uninitialized memory block (DecompileCallback)  
WARN  Decompiling 20000008, pcode error at 20000008: Disassembly not permitted within uninitialized memory block (DecompileCallback)  
WARN  Decompiling 2000000c, pcode error at 2000000c: Disassembly not permitted within uninitialized memory block (DecompileCallback)  
WARN  Decompiling 20000010, pcode error at 20000010: Disassembly not permitted within uninitialized memory block (DecompileCallback)  
WARN  Decompiling 20000014, pcode error at 20000014: Disassembly not permitted within uninitialized memory block (DecompileCallback)  
WARN  Decompiling 20000018, pcode error at 20000018: Disassembly not permitted within uninitialized memory block (DecompileCallback)  
WARN  Decompiling 2000001c, pcode error at 2000001c: Disassembly not permitted within uninitialized memory block (DecompileCallback)  
WARN  Decompiling 20000020, pcode error at 20000020: Disassembly not permitted within uninitialized memory block (DecompileCallback)  
WARN  Decompiling 20000024, pcode error at 20000024: Disassembly not permitted within uninitialized memory block (DecompileCallback)  
WARN  Decompiling 20000028, pcode error at 20000028: Disassembly not permitted within uninitialized memory block (DecompileCallback)  
WARN  Decompiling 2000002c, pcode error at 2000002c: Disassembly not permitted within uninitialized memory block (DecompileCallback)  
WARN  Decompiling 20000030, pcode error at 20000030: Disassembly not permitted within uninitialized memory block (DecompileCallback)  
WARN  Decompiling 20000034, pcode error at 20000034: Disassembly not permitted within uninitialized memory block (DecompileCallback)  
WARN  Decompiling 20000038, pcode error at 20000038: Disassembly not permitted within uninitialized memory block (DecompileCallback)  
WARN  Decompiling 2000003c, pcode error at 2000003c: Disassembly not permitted within uninitialized memory block (DecompileCallback)  
WARN  Decompiling 20000040, pcode error at 20000040: Disassembly not permitted within uninitialized memory block (DecompileCallback)  
WARN  Decompiling 20000044, pcode error at 20000044: Disassembly not permitted within uninitialized memory block (DecompileCallback)  
WARN  Decompiling 20000048, pcode error at 20000048: Disassembly not permitted within uninitialized memory block (DecompileCallback)  
WARN  Decompiling 2000004c, pcode error at 2000004c: Disassembly not permitted within uninitialized memory block (DecompileCallback)  
WARN  Decompiling 20000050, pcode error at 20000050: Disassembly not permitted within uninitialized memory block (DecompileCallback)  
WARN  Decompiling 20000054, pcode error at 20000054: Disassembly not permitted within uninitialized memory block (DecompileCallback)  
WARN  Decompiling 20000058, pcode error at 20000058: Disassembly not permitted within uninitialized memory block (DecompileCallback)  
WARN  Decompiling 2000005c, pcode error at 2000005c: Disassembly not permitted within uninitialized memory block (DecompileCallback)  
WARN  Decompiling 20000060, pcode error at 20000060: Disassembly not permitted within uninitialized memory block (DecompileCallback)  
WARN  Decompiling 20000064, pcode error at 20000064: Disassembly not permitted within uninitialized memory block (DecompileCallback)  
WARN  Decompiling 20000068, pcode error at 20000068: Disassembly not permitted within uninitialized memory block (DecompileCallback)  
WARN  Decompiling 2000006c, pcode error at 2000006c: Disassembly not permitted within uninitialized memory block (DecompileCallback)  
WARN  Decompiling 20000070, pcode error at 20000070: Disassembly not permitted within uninitialized memory block (DecompileCallback)  
WARN  Decompiling 20000074, pcode error at 20000074: Disassembly not permitted within uninitialized memory block (DecompileCallback)  
WARN  Decompiling 20000078, pcode error at 20000078: Disassembly not permitted within uninitialized memory block (DecompileCallback)  
WARN  Decompiling 2000007c, pcode error at 2000007c: Disassembly not permitted within uninitialized memory block (DecompileCallback)  
WARN  Decompiling 20000080, pcode error at 20000080: Disassembly not permitted within uninitialized memory block (DecompileCallback)  
WARN  Decompiling 20000084, pcode error at 20000084: Disassembly not permitted within uninitialized memory block (DecompileCallback)  
WARN  Decompiling 20000088, pcode error at 20000088: Disassembly not permitted within uninitialized memory block (DecompileCallback)  
WARN  Decompiling 2000008c, pcode error at 2000008c: Disassembly not permitted within uninitialized memory block (DecompileCallback)  
WARN  Decompiling 20000090, pcode error at 20000090: Disassembly not permitted within uninitialized memory block (DecompileCallback)  
WARN  Decompiling 20000094, pcode error at 20000094: Disassembly not permitted within uninitialized memory block (DecompileCallback)  
WARN  Decompiling 20000098, pcode error at 20000098: Disassembly not permitted within uninitialized memory block (DecompileCallback)  
WARN  Decompiling 2000009c, pcode error at 2000009c: Disassembly not permitted within uninitialized memory block (DecompileCallback)  
WARN  Decompiling 200000a0, pcode error at 200000a0: Disassembly not permitted within uninitialized memory block (DecompileCallback)  
WARN  Decompiling 200000a4, pcode error at 200000a4: Disassembly not permitted within uninitialized memory block (DecompileCallback)  
WARN  Decompiling 200000a8, pcode error at 200000a8: Disassembly not permitted within uninitialized memory block (DecompileCallback)  
WARN  Decompiling 200000ac, pcode error at 200000ac: Disassembly not permitted within uninitialized memory block (DecompileCallback)  
WARN  Decompiling 200000b0, pcode error at 200000b0: Disassembly not permitted within uninitialized memory block (DecompileCallback)  
WARN  Decompiling 200000b4, pcode error at 200000b4: Disassembly not permitted within uninitialized memory block (DecompileCallback)  
WARN  Decompiling 200000b8, pcode error at 200000b8: Disassembly not permitted within uninitialized memory block (DecompileCallback)  
WARN  Decompiling 200000bc, pcode error at 200000bc: Disassembly not permitted within uninitialized memory block (DecompileCallback)  
WARN  Decompiling 200000c0, pcode error at 200000c0: Disassembly not permitted within uninitialized memory block (DecompileCallback)  
WARN  Decompiling 200000c4, pcode error at 200000c4: Disassembly not permitted within uninitialized memory block (DecompileCallback)  
WARN  Decompiling 200000c8, pcode error at 200000c8: Disassembly not permitted within uninitialized memory block (DecompileCallback)  
WARN  Decompiling 200000cc, pcode error at 200000cc: Disassembly not permitted within uninitialized memory block (DecompileCallback)  
WARN  Decompiling 200000d0, pcode error at 200000d0: Disassembly not permitted within uninitialized memory block (DecompileCallback)  
WARN  Decompiling 200000d4, pcode error at 200000d4: Disassembly not permitted within uninitialized memory block (DecompileCallback)  
WARN  Decompiling 200000d8, pcode error at 200000d8: Disassembly not permitted within uninitialized memory block (DecompileCallback)  
WARN  Decompiling 200000dc, pcode error at 200000dc: Disassembly not permitted within uninitialized memory block (DecompileCallback)  
WARN  Decompiling 200000e0, pcode error at 200000e0: Disassembly not permitted within uninitialized memory block (DecompileCallback)  
WARN  Decompiling 200000e4, pcode error at 200000e4: Disassembly not permitted within uninitialized memory block (DecompileCallback)  
WARN  Decompiling 200000e8, pcode error at 200000e8: Disassembly not permitted within uninitialized memory block (DecompileCallback)  
WARN  Decompiling 200000ec, pcode error at 200000ec: Disassembly not permitted within uninitialized memory block (DecompileCallback)  
WARN  Decompiling 200000f0, pcode error at 200000f0: Disassembly not permitted within uninitialized memory block (DecompileCallback)  
WARN  Decompiling 200000f4, pcode error at 200000f4: Disassembly not permitted within uninitialized memory block (DecompileCallback)  
WARN  Decompiling 200000f8, pcode error at 200000f8: Disassembly not permitted within uninitialized memory block (DecompileCallback)  
WARN  Decompiling 200000fc, pcode error at 200000fc: Disassembly not permitted within uninitialized memory block (DecompileCallback)  
WARN  Decompiling 20000100, pcode error at 20000100: Disassembly not permitted within uninitialized memory block (DecompileCallback)  
WARN  Decompiling 20000104, pcode error at 20000104: Disassembly not permitted within uninitialized memory block (DecompileCallback)  
WARN  Decompiling 20000108, pcode error at 20000108: Disassembly not permitted within uninitialized memory block (DecompileCallback)  
WARN  Decompiling 2000010c, pcode error at 2000010c: Disassembly not permitted within uninitialized memory block (DecompileCallback)  
WARN  Decompiling 20000110, pcode error at 20000110: Disassembly not permitted within uninitialized memory block (DecompileCallback)  
WARN  Decompiling 20000114, pcode error at 20000114: Disassembly not permitted within uninitialized memory block (DecompileCallback)  
WARN  Decompiling 20000118, pcode error at 20000118: Disassembly not permitted within uninitialized memory block (DecompileCallback)  
WARN  Decompiling 2000011c, pcode error at 2000011c: Disassembly not permitted within uninitialized memory block (DecompileCallback)  
WARN  Decompiling 20000120, pcode error at 20000120: Disassembly not permitted within uninitialized memory block (DecompileCallback)  
WARN  Decompiling 20000124, pcode error at 20000124: Disassembly not permitted within uninitialized memory block (DecompileCallback)  
WARN  Decompiling 20000128, pcode error at 20000128: Disassembly not permitted within uninitialized memory block (DecompileCallback)  
WARN  Decompiling 2000012c, pcode error at 2000012c: Disassembly not permitted within uninitialized memory block (DecompileCallback)  
WARN  Decompiling 20000130, pcode error at 20000130: Disassembly not permitted within uninitialized memory block (DecompileCallback)  
WARN  Decompiling 20000134, pcode error at 20000134: Disassembly not permitted within uninitialized memory block (DecompileCallback)  
WARN  Decompiling 20000138, pcode error at 20000138: Disassembly not permitted within uninitialized memory block (DecompileCallback)  
WARN  Decompiling 2000013c, pcode error at 2000013c: Disassembly not permitted within uninitialized memory block (DecompileCallback)  
WARN  Decompiling 20000140, pcode error at 20000140: Disassembly not permitted within uninitialized memory block (DecompileCallback)  
WARN  Decompiling 20000144, pcode error at 20000144: Disassembly not permitted within uninitialized memory block (DecompileCallback)  
WARN  Decompiling 20000148, pcode error at 20000148: Disassembly not permitted within uninitialized memory block (DecompileCallback)  
WARN  Decompiling 2000014c, pcode error at 2000014c: Disassembly not permitted within uninitialized memory block (DecompileCallback)  
WARN  Decompiling 20000150, pcode error at 20000150: Disassembly not permitted within uninitialized memory block (DecompileCallback)  
WARN  Decompiling 20000154, pcode error at 20000154: Disassembly not permitted within uninitialized memory block (DecompileCallback)  
WARN  Decompiling 20000158, pcode error at 20000158: Disassembly not permitted within uninitialized memory block (DecompileCallback)  
WARN  Decompiling 2000015c, pcode error at 2000015c: Disassembly not permitted within uninitialized memory block (DecompileCallback)  
WARN  Decompiling 20000160, pcode error at 20000160: Disassembly not permitted within uninitialized memory block (DecompileCallback)  
WARN  Decompiling 20000164, pcode error at 20000164: Disassembly not permitted within uninitialized memory block (DecompileCallback)  
WARN  Decompiling 20000168, pcode error at 20000168: Disassembly not permitted within uninitialized memory block (DecompileCallback)  
WARN  Decompiling 2000016c, pcode error at 2000016c: Disassembly not permitted within uninitialized memory block (DecompileCallback)  
WARN  Decompiling 20000170, pcode error at 20000170: Disassembly not permitted within uninitialized memory block (DecompileCallback)  
WARN  Decompiling 20000174, pcode error at 20000174: Disassembly not permitted within uninitialized memory block (DecompileCallback)  
WARN  Decompiling 20000178, pcode error at 20000178: Disassembly not permitted within uninitialized memory block (DecompileCallback)  
WARN  Decompiling 2000017c, pcode error at 2000017c: Disassembly not permitted within uninitialized memory block (DecompileCallback)  
WARN  Decompiling 20000180, pcode error at 20000180: Disassembly not permitted within uninitialized memory block (DecompileCallback)  
WARN  Decompiling 20000184, pcode error at 20000184: Disassembly not permitted within uninitialized memory block (DecompileCallback)  
WARN  Decompiling 20000188, pcode error at 20000188: Disassembly not permitted within uninitialized memory block (DecompileCallback)  
WARN  Decompiling 2000018c, pcode error at 2000018c: Disassembly not permitted within uninitialized memory block (DecompileCallback)  
WARN  Decompiling 20000190, pcode error at 20000190: Disassembly not permitted within uninitialized memory block (DecompileCallback)  
WARN  Decompiling 20000194, pcode error at 20000194: Disassembly not permitted within uninitialized memory block (DecompileCallback)  
WARN  Decompiling 20000198, pcode error at 20000198: Disassembly not permitted within uninitialized memory block (DecompileCallback)  
WARN  Decompiling 2000019c, pcode error at 2000019c: Disassembly not permitted within uninitialized memory block (DecompileCallback)  
WARN  Decompiling 200001a0, pcode error at 200001a0: Disassembly not permitted within uninitialized memory block (DecompileCallback)  
WARN  Decompiling 200001a4, pcode error at 200001a4: Disassembly not permitted within uninitialized memory block (DecompileCallback)  
WARN  Decompiling 200001a8, pcode error at 200001a8: Disassembly not permitted within uninitialized memory block (DecompileCallback)  
WARN  Decompiling 200001ac, pcode error at 200001ac: Disassembly not permitted within uninitialized memory block (DecompileCallback)  
WARN  Decompiling 200001b0, pcode error at 200001b0: Disassembly not permitted within uninitialized memory block (DecompileCallback)  
WARN  Decompiling 200001b4, pcode error at 200001b4: Disassembly not permitted within uninitialized memory block (DecompileCallback)  
WARN  Decompiling 200001b8, pcode error at 200001b8: Disassembly not permitted within uninitialized memory block (DecompileCallback)  
WARN  Decompiling 200001bc, pcode error at 200001bc: Disassembly not permitted within uninitialized memory block (DecompileCallback)  
WARN  Decompiling 200001c0, pcode error at 200001c0: Disassembly not permitted within uninitialized memory block (DecompileCallback)  
WARN  Decompiling 200001c4, pcode error at 200001c4: Disassembly not permitted within uninitialized memory block (DecompileCallback)  
WARN  Decompiling 200001c8, pcode error at 200001c8: Disassembly not permitted within uninitialized memory block (DecompileCallback)  
WARN  Decompiling 200001cc, pcode error at 200001cc: Disassembly not permitted within uninitialized memory block (DecompileCallback)  
WARN  Decompiling 200001d0, pcode error at 200001d0: Disassembly not permitted within uninitialized memory block (DecompileCallback)  
WARN  Decompiling 200001d4, pcode error at 200001d4: Disassembly not permitted within uninitialized memory block (DecompileCallback)  
WARN  Decompiling 200001d8, pcode error at 200001d8: Disassembly not permitted within uninitialized memory block (DecompileCallback)  
WARN  Decompiling 200001dc, pcode error at 200001dc: Disassembly not permitted within uninitialized memory block (DecompileCallback)  
WARN  Decompiling 200001e0, pcode error at 200001e0: Disassembly not permitted within uninitialized memory block (DecompileCallback)  
WARN  Decompiling 200001e4, pcode error at 200001e4: Disassembly not permitted within uninitialized memory block (DecompileCallback)  
WARN  Decompiling 200001e8, pcode error at 200001e8: Disassembly not permitted within uninitialized memory block (DecompileCallback)  
WARN  Decompiling 200001ec, pcode error at 200001ec: Disassembly not permitted within uninitialized memory block (DecompileCallback)  
WARN  Decompiling 200001f0, pcode error at 200001f0: Disassembly not permitted within uninitialized memory block (DecompileCallback)  
WARN  Decompiling 200001f4, pcode error at 200001f4: Disassembly not permitted within uninitialized memory block (DecompileCallback)  
WARN  Decompiling 200001f8, pcode error at 200001f8: Disassembly not permitted within uninitialized memory block (DecompileCallback)  
WARN  Decompiling 200001fc, pcode error at 200001fc: Disassembly not permitted within uninitialized memory block (DecompileCallback)  
WARN  Decompiling 20000200, pcode error at 20000200: Disassembly not permitted within uninitialized memory block (DecompileCallback)  
WARN  Decompiling 20000204, pcode error at 20000204: Disassembly not permitted within uninitialized memory block (DecompileCallback)  
WARN  Decompiling 20000208, pcode error at 20000208: Disassembly not permitted within uninitialized memory block (DecompileCallback)  
WARN  Decompiling 2000020c, pcode error at 2000020c: Disassembly not permitted within uninitialized memory block (DecompileCallback)  
WARN  Decompiling 20000210, pcode error at 20000210: Disassembly not permitted within uninitialized memory block (DecompileCallback)  
WARN  Decompiling 20000214, pcode error at 20000214: Disassembly not permitted within uninitialized memory block (DecompileCallback)  
WARN  Decompiling 20000218, pcode error at 20000218: Disassembly not permitted within uninitialized memory block (DecompileCallback)  
WARN  Decompiling 2000021c, pcode error at 2000021c: Disassembly not permitted within uninitialized memory block (DecompileCallback)  
WARN  Decompiling 20000220, pcode error at 20000220: Disassembly not permitted within uninitialized memory block (DecompileCallback)  
WARN  Decompiling 20000224, pcode error at 20000224: Disassembly not permitted within uninitialized memory block (DecompileCallback)  
WARN  Decompiling 20000228, pcode error at 20000228: Disassembly not permitted within uninitialized memory block (DecompileCallback)  
WARN  Decompiling 2000022c, pcode error at 2000022c: Disassembly not permitted within uninitialized memory block (DecompileCallback)  
WARN  Decompiling 20000230, pcode error at 20000230: Disassembly not permitted within uninitialized memory block (DecompileCallback)  
WARN  Decompiling 20000234, pcode error at 20000234: Disassembly not permitted within uninitialized memory block (DecompileCallback)  
WARN  Decompiling 20000238, pcode error at 20000238: Disassembly not permitted within uninitialized memory block (DecompileCallback)  
WARN  Decompiling 2000023c, pcode error at 2000023c: Disassembly not permitted within uninitialized memory block (DecompileCallback)  
WARN  Decompiling 20000240, pcode error at 20000240: Disassembly not permitted within uninitialized memory block (DecompileCallback)  
WARN  Decompiling 20000244, pcode error at 20000244: Disassembly not permitted within uninitialized memory block (DecompileCallback)  
WARN  Decompiling 20000248, pcode error at 20000248: Disassembly not permitted within uninitialized memory block (DecompileCallback)  
WARN  Decompiling 2000024c, pcode error at 2000024c: Disassembly not permitted within uninitialized memory block (DecompileCallback)  
WARN  Decompiling 20000250, pcode error at 20000250: Disassembly not permitted within uninitialized memory block (DecompileCallback)  
WARN  Decompiling 20000254, pcode error at 20000254: Disassembly not permitted within uninitialized memory block (DecompileCallback)  
WARN  Decompiling 20000258, pcode error at 20000258: Disassembly not permitted within uninitialized memory block (DecompileCallback)  
WARN  Decompiling 2000025c, pcode error at 2000025c: Disassembly not permitted within uninitialized memory block (DecompileCallback)  
WARN  Decompiling 20000260, pcode error at 20000260: Disassembly not permitted within uninitialized memory block (DecompileCallback)  
WARN  Decompiling 800116b4: Unable to read bytes at ram:801ffff0 (DecompileCallback)  
WARN  Decompiling 80013cac: Unable to read bytes at ram:8006f680 (DecompileCallback)  
WARN  Decompiling 80013cac: Unable to read bytes at ram:8006f680 (DecompileCallback)  
WARN  Decompiling 80013cac: Unable to read bytes at ram:8006f684 (DecompileCallback)  
WARN  Decompiling 80013cac: Unable to read bytes at ram:8006f684 (DecompileCallback)  
WARN  Decompiling 80013cac: Unable to read bytes at ram:8006f688 (DecompileCallback)  
WARN  Decompiling 80013cac: Unable to read bytes at ram:8006f688 (DecompileCallback)  
WARN  Decompiling 80013cac: Unable to read bytes at ram:8006f68c (DecompileCallback)  
WARN  Decompiling 80013cac: Unable to read bytes at ram:8006f68c (DecompileCallback)  
WARN  Decompiling 80013cac: Unable to read bytes at ram:8006f690 (DecompileCallback)  
WARN  Decompiling 80013cac: Unable to read bytes at ram:8006f690 (DecompileCallback)  
WARN  Decompiling 80013cac: Unable to read bytes at ram:8006f694 (DecompileCallback)  
WARN  Decompiling 80013cac: Unable to read bytes at ram:8006f694 (DecompileCallback)  
WARN  Decompiling 80013cac: Unable to read bytes at ram:8006f698 (DecompileCallback)  
WARN  Decompiling 80013cac: Unable to read bytes at ram:8006f698 (DecompileCallback)  
WARN  Decompiling 80013cac: Unable to read bytes at ram:8006f69c (DecompileCallback)  
WARN  Decompiling 80013cac: Unable to read bytes at ram:8006f69c (DecompileCallback)  
WARN  Decompiling 80013cac: Unable to read bytes at ram:8006f680 (DecompileCallback)  
WARN  Decompiling 80013cac: Unable to read bytes at ram:8006f684 (DecompileCallback)  
WARN  Decompiling 80013cac: Unable to read bytes at ram:8006f688 (DecompileCallback)  
WARN  Decompiling 80013cac: Unable to read bytes at ram:8006f68c (DecompileCallback)  
WARN  Decompiling 80013cac: Unable to read bytes at ram:8006f690 (DecompileCallback)  
WARN  Decompiling 80013cac: Unable to read bytes at ram:8006f694 (DecompileCallback)  
WARN  Decompiling 80013cac: Unable to read bytes at ram:8006f698 (DecompileCallback)  
WARN  Decompiling 80013cac: Unable to read bytes at ram:8006f69c (DecompileCallback)  
INFO  ExportAllToDisk.java>   decomp progress: 200 (GhidraScript)  
WARN  Decompiling 80018618: Unable to read bytes at ram:8006f628 (DecompileCallback)  
WARN  Decompiling 80018618: Unable to read bytes at ram:8006f628 (DecompileCallback)  
WARN  Decompiling 80018618: Unable to read bytes at ram:8006f628 (DecompileCallback)  
WARN  Decompiling 80018618: Unable to read bytes at ram:8006f628 (DecompileCallback)  
WARN  Decompiling 80018618: Unable to read bytes at ram:8006f630 (DecompileCallback)  
WARN  Decompiling 80018618: Unable to read bytes at ram:8006f638 (DecompileCallback)  
WARN  Decompiling 80018618: Unable to read bytes at ram:8006f628 (DecompileCallback)  
WARN  Decompiling 80018618: Unable to read bytes at ram:8006f630 (DecompileCallback)  
WARN  Decompiling 80018618: Unable to read bytes at ram:8006f638 (DecompileCallback)  
WARN  Decompiling 8001be5c: Unable to read bytes at ram:8006f700 (DecompileCallback)  
WARN  Decompiling 8001be5c: Unable to read bytes at ram:8006f704 (DecompileCallback)  
WARN  Decompiling 8001be5c: Unable to read bytes at ram:8006f708 (DecompileCallback)  
WARN  Decompiling 8001be5c: Unable to read bytes at ram:8006f70c (DecompileCallback)  
WARN  Decompiling 8001be5c: Unable to read bytes at ram:8006f710 (DecompileCallback)  
WARN  Decompiling 8001be5c: Unable to read bytes at ram:8006f700 (DecompileCallback)  
WARN  Decompiling 8001be5c: Unable to read bytes at ram:8006f704 (DecompileCallback)  
WARN  Decompiling 8001be5c: Unable to read bytes at ram:8006f708 (DecompileCallback)  
WARN  Decompiling 8001be5c: Unable to read bytes at ram:8006f70c (DecompileCallback)  
WARN  Decompiling 8001be5c: Unable to read bytes at ram:8006f710 (DecompileCallback)  
WARN  Decompiling 8001be5c: Unable to read bytes at ram:8006f700 (DecompileCallback)  
WARN  Decompiling 8001be5c: Unable to read bytes at ram:8006f704 (DecompileCallback)  
WARN  Decompiling 8001be5c: Unable to read bytes at ram:8006f708 (DecompileCallback)  
WARN  Decompiling 8001be5c: Unable to read bytes at ram:8006f70c (DecompileCallback)  
WARN  Decompiling 8001be5c: Unable to read bytes at ram:8006f710 (DecompileCallback)  
WARN  Decompiling 8001be5c: Unable to read bytes at ram:8006f700 (DecompileCallback)  
WARN  Decompiling 8001be5c: Unable to read bytes at ram:8006f704 (DecompileCallback)  
WARN  Decompiling 8001be5c: Unable to read bytes at ram:8006f708 (DecompileCallback)  
WARN  Decompiling 8001be5c: Unable to read bytes at ram:8006f70c (DecompileCallback)  
WARN  Decompiling 8001be5c: Unable to read bytes at ram:8006f710 (DecompileCallback)  
WARN  Decompiling 8001be5c: Unable to read bytes at ram:8006f700 (DecompileCallback)  
WARN  Decompiling 8001be5c: Unable to read bytes at ram:8006f704 (DecompileCallback)  
WARN  Decompiling 8001be5c: Unable to read bytes at ram:8006f708 (DecompileCallback)  
WARN  Decompiling 8001be5c: Unable to read bytes at ram:8006f70c (DecompileCallback)  
WARN  Decompiling 8001be5c: Unable to read bytes at ram:8006f710 (DecompileCallback)  
WARN  Decompiling 8001be5c: Unable to read bytes at ram:8006f700 (DecompileCallback)  
WARN  Decompiling 8001be5c: Unable to read bytes at ram:8006f704 (DecompileCallback)  
WARN  Decompiling 8001be5c: Unable to read bytes at ram:8006f708 (DecompileCallback)  
WARN  Decompiling 8001be5c: Unable to read bytes at ram:8006f70c (DecompileCallback)  
WARN  Decompiling 8001be5c: Unable to read bytes at ram:8006f710 (DecompileCallback)  
WARN  Decompiling 8001be5c: Unable to read bytes at ram:8006f700 (DecompileCallback)  
WARN  Decompiling 8001be5c: Unable to read bytes at ram:8006f704 (DecompileCallback)  
WARN  Decompiling 8001be5c: Unable to read bytes at ram:8006f708 (DecompileCallback)  
WARN  Decompiling 8001be5c: Unable to read bytes at ram:8006f70c (DecompileCallback)  
WARN  Decompiling 8001be5c: Unable to read bytes at ram:8006f710 (DecompileCallback)  
WARN  Decompiling 8001be5c: Unable to read bytes at ram:8006f700 (DecompileCallback)  
WARN  Decompiling 8001be5c: Unable to read bytes at ram:8006f704 (DecompileCallback)  
WARN  Decompiling 8001be5c: Unable to read bytes at ram:8006f708 (DecompileCallback)  
WARN  Decompiling 8001be5c: Unable to read bytes at ram:8006f70c (DecompileCallback)  
WARN  Decompiling 8001be5c: Unable to read bytes at ram:8006f710 (DecompileCallback)  
WARN  Decompiling 8001d9c0: Unable to read bytes at ram:8006f680 (DecompileCallback)  
WARN  Decompiling 8001d9c0: Unable to read bytes at ram:8006f684 (DecompileCallback)  
WARN  Decompiling 8001d9c0: Unable to read bytes at ram:8006f688 (DecompileCallback)  
WARN  Decompiling 8001d9c0: Unable to read bytes at ram:8006f68c (DecompileCallback)  
WARN  Decompiling 8001d9c0: Unable to read bytes at ram:8006f690 (DecompileCallback)  
WARN  Decompiling 8001d9c0: Unable to read bytes at ram:8006f694 (DecompileCallback)  
WARN  Decompiling 8001d9c0: Unable to read bytes at ram:8006f698 (DecompileCallback)  
WARN  Decompiling 8001d9c0: Unable to read bytes at ram:8006f69c (DecompileCallback)  
WARN  Decompiling 8001d9c0: Unable to read bytes at ram:8006f680 (DecompileCallback)  
WARN  Decompiling 8001d9c0: Unable to read bytes at ram:8006f684 (DecompileCallback)  
WARN  Decompiling 8001d9c0: Unable to read bytes at ram:8006f688 (DecompileCallback)  
WARN  Decompiling 8001d9c0: Unable to read bytes at ram:8006f68c (DecompileCallback)  
WARN  Decompiling 8001d9c0: Unable to read bytes at ram:8006f690 (DecompileCallback)  
WARN  Decompiling 8001d9c0: Unable to read bytes at ram:8006f694 (DecompileCallback)  
WARN  Decompiling 8001d9c0: Unable to read bytes at ram:8006f698 (DecompileCallback)  
WARN  Decompiling 8001d9c0: Unable to read bytes at ram:8006f69c (DecompileCallback)  
INFO  ExportAllToDisk.java>   decomp progress: 400 (GhidraScript)  
WARN  Decompiling 8002a598: Unable to read bytes at ram:800737d4 (DecompileCallback)  
WARN  Decompiling 8002a598: Unable to read bytes at ram:800a2837 (DecompileCallback)  
WARN  Decompiling 8002a598: Unable to read bytes at ram:800a2b80 (DecompileCallback)  
WARN  Decompiling 8002a598: Unable to read bytes at ram:800a2b84 (DecompileCallback)  
WARN  Decompiling 8002a598: Unable to read bytes at ram:800a2b88 (DecompileCallback)  
WARN  Decompiling 8002a598: Unable to read bytes at ram:800a2b8c (DecompileCallback)  
WARN  Decompiling 8002a598: Unable to read bytes at ram:800a2b8f (DecompileCallback)  
WARN  Decompiling 8002a598: Unable to read bytes at ram:800a2b90 (DecompileCallback)  
WARN  Decompiling 8002a598: Unable to read bytes at ram:800a2b94 (DecompileCallback)  
WARN  Decompiling 8002a598: Unable to read bytes at ram:800a2b98 (DecompileCallback)  
WARN  Decompiling 8002a598: Unable to read bytes at ram:800a2fb8 (DecompileCallback)  
WARN  Decompiling 8002a598: Unable to read bytes at ram:800a2fbc (DecompileCallback)  
WARN  Decompiling 8002a598: Unable to read bytes at ram:800a2fc0 (DecompileCallback)  
WARN  Decompiling 8002a598: Unable to read bytes at ram:800a2fc4 (DecompileCallback)  
WARN  Decompiling 8002a598: Unable to read bytes at ram:800a2fc7 (DecompileCallback)  
WARN  Decompiling 8002a598: Unable to read bytes at ram:800a2fc8 (DecompileCallback)  
WARN  Decompiling 8002a598: Unable to read bytes at ram:800a2fd0 (DecompileCallback)  
WARN  Decompiling 8002a598: Unable to read bytes at ram:800737d4 (DecompileCallback)  
WARN  Decompiling 8002a598: Unable to read bytes at ram:800a2837 (DecompileCallback)  
WARN  Decompiling 8002a598: Unable to read bytes at ram:800a2847 (DecompileCallback)  
WARN  Decompiling 8002a598: Unable to read bytes at ram:800a2852 (DecompileCallback)  
WARN  Decompiling 8002a598: Unable to read bytes at ram:800a2910 (DecompileCallback)  
WARN  Decompiling 8002a598: Unable to read bytes at ram:800a2b80 (DecompileCallback)  
WARN  Decompiling 8002a598: Unable to read bytes at ram:800a2b84 (DecompileCallback)  
WARN  Decompiling 8002a598: Unable to read bytes at ram:800a2b88 (DecompileCallback)  
WARN  Decompiling 8002a598: Unable to read bytes at ram:800a2b8c (DecompileCallback)  
WARN  Decompiling 8002a598: Unable to read bytes at ram:800a2b90 (DecompileCallback)  
WARN  Decompiling 8002a598: Unable to read bytes at ram:800a2b94 (DecompileCallback)  
WARN  Decompiling 8002a598: Unable to read bytes at ram:800a2b98 (DecompileCallback)  
WARN  Decompiling 8002a598: Unable to read bytes at ram:800a2fb8 (DecompileCallback)  
WARN  Decompiling 8002a598: Unable to read bytes at ram:800a2fbc (DecompileCallback)  
WARN  Decompiling 8002a598: Unable to read bytes at ram:800a2fc0 (DecompileCallback)  
WARN  Decompiling 8002a598: Unable to read bytes at ram:800a2fc4 (DecompileCallback)  
WARN  Decompiling 8002a598: Unable to read bytes at ram:800a2fc8 (DecompileCallback)  
WARN  Decompiling 8002a598: Unable to read bytes at ram:800a2fd0 (DecompileCallback)  
WARN  Decompiling 8002a598: Unable to read bytes at ram:800a2910 (DecompileCallback)  
WARN  Decompiling 8002a598: Unable to read bytes at ram:800737d4 (DecompileCallback)  
WARN  Decompiling 8002a598: Unable to read bytes at ram:800a2837 (DecompileCallback)  
WARN  Decompiling 8002a598: Unable to read bytes at ram:800a2b80 (DecompileCallback)  
WARN  Decompiling 8002a598: Unable to read bytes at ram:800a2b84 (DecompileCallback)  
WARN  Decompiling 8002a598: Unable to read bytes at ram:800a2b88 (DecompileCallback)  
WARN  Decompiling 8002a598: Unable to read bytes at ram:800a2b8c (DecompileCallback)  
WARN  Decompiling 8002a598: Unable to read bytes at ram:800a2b8f (DecompileCallback)  
WARN  Decompiling 8002a598: Unable to read bytes at ram:800a2b90 (DecompileCallback)  
WARN  Decompiling 8002a598: Unable to read bytes at ram:800a2b94 (DecompileCallback)  
WARN  Decompiling 8002a598: Unable to read bytes at ram:800a2b98 (DecompileCallback)  
WARN  Decompiling 8002a598: Unable to read bytes at ram:800a2fb8 (DecompileCallback)  
WARN  Decompiling 8002a598: Unable to read bytes at ram:800a2fbc (DecompileCallback)  
WARN  Decompiling 8002a598: Unable to read bytes at ram:800a2fc0 (DecompileCallback)  
WARN  Decompiling 8002a598: Unable to read bytes at ram:800a2fc4 (DecompileCallback)  
WARN  Decompiling 8002a598: Unable to read bytes at ram:800a2fc7 (DecompileCallback)  
WARN  Decompiling 8002a598: Unable to read bytes at ram:800a2fc8 (DecompileCallback)  
WARN  Decompiling 8002a598: Unable to read bytes at ram:800a2fd0 (DecompileCallback)  
WARN  Decompiling 8002a598: Unable to read bytes at ram:800737d4 (DecompileCallback)  
WARN  Decompiling 8002a598: Unable to read bytes at ram:800a2837 (DecompileCallback)  
WARN  Decompiling 8002a598: Unable to read bytes at ram:800a2847 (DecompileCallback)  
WARN  Decompiling 8002a598: Unable to read bytes at ram:800a2852 (DecompileCallback)  
WARN  Decompiling 8002a598: Unable to read bytes at ram:800a2910 (DecompileCallback)  
WARN  Decompiling 8002a598: Unable to read bytes at ram:800a2b80 (DecompileCallback)  
WARN  Decompiling 8002a598: Unable to read bytes at ram:800a2b84 (DecompileCallback)  
WARN  Decompiling 8002a598: Unable to read bytes at ram:800a2b88 (DecompileCallback)  
WARN  Decompiling 8002a598: Unable to read bytes at ram:800a2b8c (DecompileCallback)  
WARN  Decompiling 8002a598: Unable to read bytes at ram:800a2b90 (DecompileCallback)  
WARN  Decompiling 8002a598: Unable to read bytes at ram:800a2b94 (DecompileCallback)  
WARN  Decompiling 8002a598: Unable to read bytes at ram:800a2b98 (DecompileCallback)  
WARN  Decompiling 8002a598: Unable to read bytes at ram:800a2fb8 (DecompileCallback)  
WARN  Decompiling 8002a598: Unable to read bytes at ram:800a2fbc (DecompileCallback)  
WARN  Decompiling 8002a598: Unable to read bytes at ram:800a2fc0 (DecompileCallback)  
WARN  Decompiling 8002a598: Unable to read bytes at ram:800a2fc4 (DecompileCallback)  
WARN  Decompiling 8002a598: Unable to read bytes at ram:800a2fc8 (DecompileCallback)  
WARN  Decompiling 8002a598: Unable to read bytes at ram:800a2fd0 (DecompileCallback)  
WARN  Decompiling 8002a598: Unable to read bytes at ram:800a2910 (DecompileCallback)  
WARN  Decompiling 8002be84: Unable to read bytes at ram:800737d8 (DecompileCallback)  
WARN  Decompiling 8002be84: Unable to read bytes at ram:800737d8 (DecompileCallback)  
WARN  Decompiling 8002c018: Unable to read bytes at ram:800737dc (DecompileCallback)  
WARN  Decompiling 8002c018: Unable to read bytes at ram:800737dc (DecompileCallback)  
WARN  Decompiling 8002c018: Unable to read bytes at ram:800737dc (DecompileCallback)  
WARN  Decompiling 8002c3ac: Unable to read bytes at ram:800737d8 (DecompileCallback)  
WARN  Decompiling 8002c3ac: Unable to read bytes at ram:800737d8 (DecompileCallback)  
WARN  Decompiling 8002cce8: Unable to read bytes at ram:800737dc (DecompileCallback)  
WARN  Decompiling 8002cce8: Unable to read bytes at ram:800737dc (DecompileCallback)  
WARN  Decompiling 8002e630: Unable to read bytes at ram:800737d4 (DecompileCallback)  
WARN  Decompiling 8002e630: Unable to read bytes at ram:800737d4 (DecompileCallback)  
WARN  Decompiling 8002e630: Unable to read bytes at ram:800737d4 (DecompileCallback)  
WARN  Decompiling 80031864: Unable to read bytes at ram:800737d8 (DecompileCallback)  
WARN  Decompiling 80031864: Unable to read bytes at ram:800737d8 (DecompileCallback)  
WARN  Decompiling 8003351c: Unable to read bytes at ram:800737d8 (DecompileCallback)  
WARN  Decompiling 8003351c: Unable to read bytes at ram:800737d8 (DecompileCallback)  
WARN  Decompiling 800346cc: Unable to read bytes at ram:800737d8 (DecompileCallback)  
WARN  Decompiling 800346cc: Unable to read bytes at ram:800737d8 (DecompileCallback)  
WARN  Decompiling 8003e730: Unable to read bytes at ram:800737d4 (DecompileCallback)  
WARN  Decompiling 8003e730: Unable to read bytes at ram:800737d4 (DecompileCallback)  
WARN  Decompiling 8003e76c: Unable to read bytes at ram:800737d4 (DecompileCallback)  
WARN  Decompiling 8003e76c: Unable to read bytes at ram:800737d4 (DecompileCallback)  
WARN  Decompiling 8003f0b4: Unable to read bytes at ram:800737d8 (DecompileCallback)  
WARN  Decompiling 8003f0b4: Unable to read bytes at ram:800737d8 (DecompileCallback)  
WARN  Decompiling 8003f0b4: Unable to read bytes at ram:800737d8 (DecompileCallback)  
WARN  Decompiling 8003f4a0: Unable to read bytes at ram:800737d8 (DecompileCallback)  
WARN  Decompiling 8003f4a0: Unable to read bytes at ram:800737d8 (DecompileCallback)  
WARN  Decompiling 8003fd24: Unable to read bytes at ram:800737d8 (DecompileCallback)  
WARN  Decompiling 8003fd24: Unable to read bytes at ram:800737d8 (DecompileCallback)  
WARN  Decompiling 8003fdcc: Unable to read bytes at ram:800737d8 (DecompileCallback)  
WARN  Decompiling 8003fdcc: Unable to read bytes at ram:800737d8 (DecompileCallback)  
WARN  Decompiling 80040234: Unable to read bytes at ram:800737d8 (DecompileCallback)  
WARN  Decompiling 80040234: Unable to read bytes at ram:800737d8 (DecompileCallback)  
WARN  Decompiling 80041c5c: Unable to read bytes at ram:8006f680 (DecompileCallback)  
WARN  Decompiling 80041c5c: Unable to read bytes at ram:8006f684 (DecompileCallback)  
WARN  Decompiling 80041c5c: Unable to read bytes at ram:8006f688 (DecompileCallback)  
WARN  Decompiling 80041c5c: Unable to read bytes at ram:8006f68c (DecompileCallback)  
WARN  Decompiling 80041c5c: Unable to read bytes at ram:8006f690 (DecompileCallback)  
WARN  Decompiling 80041c5c: Unable to read bytes at ram:8006f694 (DecompileCallback)  
WARN  Decompiling 80041c5c: Unable to read bytes at ram:8006f698 (DecompileCallback)  
WARN  Decompiling 80041c5c: Unable to read bytes at ram:8006f69c (DecompileCallback)  
WARN  Decompiling 80041c5c: Unable to read bytes at ram:8006f680 (DecompileCallback)  
WARN  Decompiling 80041c5c: Unable to read bytes at ram:8006f684 (DecompileCallback)  
WARN  Decompiling 80041c5c: Unable to read bytes at ram:8006f688 (DecompileCallback)  
WARN  Decompiling 80041c5c: Unable to read bytes at ram:8006f68c (DecompileCallback)  
WARN  Decompiling 80041c5c: Unable to read bytes at ram:8006f690 (DecompileCallback)  
WARN  Decompiling 80041c5c: Unable to read bytes at ram:8006f694 (DecompileCallback)  
WARN  Decompiling 80041c5c: Unable to read bytes at ram:8006f698 (DecompileCallback)  
WARN  Decompiling 80041c5c: Unable to read bytes at ram:8006f69c (DecompileCallback)  
INFO  ExportAllToDisk.java>   decomp progress: 600 (GhidraScript)  
INFO  ExportAllToDisk.java>   decomp progress: 800 (GhidraScript)  
INFO  ExportAllToDisk.java>   decomp progress: 1000 (GhidraScript)  
INFO  ExportAllToDisk.java>   decomp progress: 1200 (GhidraScript)  
INFO  ExportAllToDisk.java> functions exported: 1265 (GhidraScript)  
INFO  ExportAllToDisk.java> ExportAllToDisk: done (GhidraScript)  
INFO  ANALYZING changes made by post scripts: /SLUS_005.10 (HeadlessAnalyzer)  
INFO  REPORT: Post-analysis succeeded for file: /SLUS_005.10 (HeadlessAnalyzer)  
INFO  REPORT: Save succeeded for processed file: /SLUS_005.10 (HeadlessAnalyzer)  
